../Drivers/STM32F4xx_HAL_Driver/Src/stm32f4xx_hal_sd.c:2496:13:SD_DMATransmitCplt	0	static
../Drivers/STM32F4xx_HAL_Driver/Src/stm32f4xx_hal_sd.c:3101:17:SD_FindSCR.constprop	56	static
../Drivers/STM32F4xx_HAL_Driver/Src/stm32f4xx_hal_sd.c:509:13:HAL_SD_MspInit	0	static
../Drivers/STM32F4xx_HAL_Driver/Src/stm32f4xx_hal_sd.c:524:13:HAL_SD_MspDeInit	0	static
../Drivers/STM32F4xx_HAL_Driver/Src/stm32f4xx_hal_sd.c:468:19:HAL_SD_DeInit	8	static
../Drivers/STM32F4xx_HAL_Driver/Src/stm32f4xx_hal_sd.c:565:19:HAL_SD_ReadBlocks	72	static
../Drivers/STM32F4xx_HAL_Driver/Src/stm32f4xx_hal_sd.c:784:19:HAL_SD_WriteBlocks	72	static
../Drivers/STM32F4xx_HAL_Driver/Src/stm32f4xx_hal_sd.c:976:19:HAL_SD_ReadBlocks_IT	48	static
../Drivers/STM32F4xx_HAL_Driver/Src/stm32f4xx_hal_sd.c:1072:19:HAL_SD_WriteBlocks_IT	48	static
../Drivers/STM32F4xx_HAL_Driver/Src/stm32f4xx_hal_sd.c:1169:19:HAL_SD_ReadBlocks_DMA	48	static
../Drivers/STM32F4xx_HAL_Driver/Src/stm32f4xx_hal_sd.c:1290:19:HAL_SD_WriteBlocks_DMA	56	static
../Drivers/STM32F4xx_HAL_Driver/Src/stm32f4xx_hal_sd.c:1413:19:HAL_SD_Erase	24	static
../Drivers/STM32F4xx_HAL_Driver/Src/stm32f4xx_hal_sd.c:1731:21:HAL_SD_GetState	0	static
../Drivers/STM32F4xx_HAL_Driver/Src/stm32f4xx_hal_sd.c:1742:10:HAL_SD_GetError	0	static
../Drivers/STM32F4xx_HAL_Driver/Src/stm32f4xx_hal_sd.c:1752:13:HAL_SD_TxCpltCallback	0	static
../Drivers/STM32F4xx_HAL_Driver/Src/stm32f4xx_hal_sd.c:1767:13:HAL_SD_RxCpltCallback	0	static
../Drivers/STM32F4xx_HAL_Driver/Src/stm32f4xx_hal_sd.c:1782:13:HAL_SD_ErrorCallback	0	static
../Drivers/STM32F4xx_HAL_Driver/Src/stm32f4xx_hal_sd.c:2509:13:SD_DMAReceiveCplt	8	static
../Drivers/STM32F4xx_HAL_Driver/Src/stm32f4xx_hal_sd.c:1797:13:HAL_SD_AbortCallback	0	static
../Drivers/STM32F4xx_HAL_Driver/Src/stm32f4xx_hal_sd.c:2008:19:HAL_SD_GetCardCID	8	static
../Drivers/STM32F4xx_HAL_Driver/Src/stm32f4xx_hal_sd.c:2041:19:HAL_SD_GetCardCSD	8	static
../Drivers/STM32F4xx_HAL_Driver/Src/stm32f4xx_hal_sd.c:403:19:HAL_SD_InitCard	120	static
../Drivers/STM32F4xx_HAL_Driver/Src/stm32f4xx_hal_sd.c:335:19:HAL_SD_Init	8	static
../Drivers/STM32F4xx_HAL_Driver/Src/stm32f4xx_hal_sd.c:2155:19:HAL_SD_GetCardStatus	120	static
../Drivers/STM32F4xx_HAL_Driver/Src/stm32f4xx_hal_sd.c:2215:19:HAL_SD_GetCardInfo	0	static
../Drivers/STM32F4xx_HAL_Driver/Src/stm32f4xx_hal_sd.c:2240:19:HAL_SD_ConfigWideBusOperation	64	static
../Drivers/STM32F4xx_HAL_Driver/Src/stm32f4xx_hal_sd.c:2322:25:HAL_SD_GetCardState	8	static
../Drivers/STM32F4xx_HAL_Driver/Src/stm32f4xx_hal_sd.c:2551:13:SD_DMAError	8	static
../Drivers/STM32F4xx_HAL_Driver/Src/stm32f4xx_hal_sd.c:2595:13:SD_DMATxAbort	8	static
../Drivers/STM32F4xx_HAL_Driver/Src/stm32f4xx_hal_sd.c:1515:6:HAL_SD_IRQHandler	32	static
../Drivers/STM32F4xx_HAL_Driver/Src/stm32f4xx_hal_sd.c:2634:13:SD_DMARxAbort	0	static
../Drivers/STM32F4xx_HAL_Driver/Src/stm32f4xx_hal_sd.c:2345:19:HAL_SD_Abort	8	static
../Drivers/STM32F4xx_HAL_Driver/Src/stm32f4xx_hal_sd.c:2409:19:HAL_SD_Abort_IT	16	static
