../Middlewares/Third_Party/ioLibrary_Driver-master/Internet/SNMP/snmp.c:63:6:currentUptime	0	static
../Middlewares/Third_Party/ioLibrary_Driver-master/Internet/SNMP/snmp.c:71:6:SNMP_time_handler	0	static
../Middlewares/Third_Party/ioLibrary_Driver-master/Internet/SNMP/snmp.c:76:10:getSNMPTimeTick	0	static
../Middlewares/Third_Party/ioLibrary_Driver-master/Internet/SNMP/snmp.c:97:6:snmpd_init	24	static
../Middlewares/Third_Party/ioLibrary_Driver-master/Internet/SNMP/snmp.c:223:9:findEntry	24	static
../Middlewares/Third_Party/ioLibrary_Driver-master/Internet/SNMP/snmp.c:238:9:getOID	8	static
../Middlewares/Third_Party/ioLibrary_Driver-master/Internet/SNMP/snmp.c:255:9:getValue	8	static
../Middlewares/Third_Party/ioLibrary_Driver-master/Internet/SNMP/snmp.c:270:9:getEntry	24	static
../Middlewares/Third_Party/ioLibrary_Driver-master/Internet/SNMP/snmp.c:342:9:setEntry	16	static
../Middlewares/Third_Party/ioLibrary_Driver-master/Internet/SNMP/snmp.c:390:9:parseLength	12	static
../Middlewares/Third_Party/ioLibrary_Driver-master/Internet/SNMP/snmp.c:409:9:parseTLV	16	static
../Middlewares/Third_Party/ioLibrary_Driver-master/Internet/SNMP/snmp.c:434:6:insertRespLen	12	static
../Middlewares/Third_Party/ioLibrary_Driver-master/Internet/SNMP/snmp.c:454:9:parseVarBind	88	static
../Middlewares/Third_Party/ioLibrary_Driver-master/Internet/SNMP/snmp.c:527:9:parseSequence	48	static
../Middlewares/Third_Party/ioLibrary_Driver-master/Internet/SNMP/snmp.c:550:9:parseSequenceOf	48	static
../Middlewares/Third_Party/ioLibrary_Driver-master/Internet/SNMP/snmp.c:576:9:parseRequest	104	static
../Middlewares/Third_Party/ioLibrary_Driver-master/Internet/SNMP/snmp.c:629:9:parseCommunity	40	static
../Middlewares/Third_Party/ioLibrary_Driver-master/Internet/SNMP/snmp.c:654:9:parseVersion	32	static
../Middlewares/Third_Party/ioLibrary_Driver-master/Internet/SNMP/snmp.c:677:9:parseSNMPMessage	40	static
../Middlewares/Third_Party/ioLibrary_Driver-master/Internet/SNMP/snmp.c:704:6:ipToByteArray	80	static
../Middlewares/Third_Party/ioLibrary_Driver-master/Internet/SNMP/snmp.c:721:9:makeTrapVariableBindings	24	static
../Middlewares/Third_Party/ioLibrary_Driver-master/Internet/SNMP/snmp.c:775:9:snmp_sendTrap	72	static
../Middlewares/Third_Party/ioLibrary_Driver-master/Internet/SNMP/snmp.c:875:6:dumpCode	40	static
../Middlewares/Third_Party/ioLibrary_Driver-master/Internet/SNMP/snmp.c:143:9:snmpd_run	40	static
