../Middlewares/Third_Party/mbedTLS/library/aes.c:375:34:aes_gen_tables	584	static
../Middlewares/Third_Party/mbedTLS/library/aes.c:492:6:mbedtls_aes_init	0	static
../Middlewares/Third_Party/mbedTLS/library/aes.c:497:6:mbedtls_aes_free	0	static
../Middlewares/Third_Party/mbedTLS/library/aes.c:507:6:mbedtls_aes_xts_init	8	static
../Middlewares/Third_Party/mbedTLS/library/aes.c:513:6:mbedtls_aes_xts_free	8	static
../Middlewares/Third_Party/mbedTLS/library/aes.c:576:5:mbedtls_aes_setkey_enc	24	static
../Middlewares/Third_Party/mbedTLS/library/aes.c:687:5:mbedtls_aes_setkey_dec	328	static
../Middlewares/Third_Party/mbedTLS/library/aes.c:782:5:mbedtls_aes_xts_setkey_enc	24	static
../Middlewares/Third_Party/mbedTLS/library/aes.c:806:5:mbedtls_aes_xts_setkey_dec	24	static
../Middlewares/Third_Party/mbedTLS/library/aes.c:883:5:mbedtls_internal_aes_encrypt	104	static
../Middlewares/Third_Party/mbedTLS/library/aes.c:945:5:mbedtls_internal_aes_decrypt	104	static
../Middlewares/Third_Party/mbedTLS/library/aes.c:1024:5:mbedtls_aes_crypt_ecb	4	static
../Middlewares/Third_Party/mbedTLS/library/aes.c:1072:5:mbedtls_aes_crypt_cbc	56	static
../Middlewares/Third_Party/mbedTLS/library/aes.c:1189:5:mbedtls_aes_crypt_xts	128	static
../Middlewares/Third_Party/mbedTLS/library/aes.c:1292:5:mbedtls_aes_crypt_cfb128	32	static
../Middlewares/Third_Party/mbedTLS/library/aes.c:1354:5:mbedtls_aes_crypt_cfb8	64	static
../Middlewares/Third_Party/mbedTLS/library/aes.c:1398:5:mbedtls_aes_crypt_ofb	32	static
../Middlewares/Third_Party/mbedTLS/library/aes.c:1437:5:mbedtls_aes_crypt_ctr	40	static
../Middlewares/Third_Party/mbedTLS/library/aes.c:1817:5:mbedtls_aes_self_test	1072	static
