../Middlewares/Third_Party/mbedTLS/library/asn1parse.c:307:12:asn1_get_sequence_of_cb	24	static
../Middlewares/Third_Party/mbedTLS/library/asn1parse.c:28:5:mbedtls_asn1_get_len	16	static
../Middlewares/Third_Party/mbedTLS/library/asn1parse.c:61:5:mbedtls_asn1_get_tag	12	static
../Middlewares/Third_Party/mbedTLS/library/asn1parse.c:101:12:asn1_get_tagged_int	24	static
../Middlewares/Third_Party/mbedTLS/library/asn1parse.c:80:5:mbedtls_asn1_get_bool	24	static
../Middlewares/Third_Party/mbedTLS/library/asn1parse.c:148:5:mbedtls_asn1_get_int	0	static
../Middlewares/Third_Party/mbedTLS/library/asn1parse.c:155:5:mbedtls_asn1_get_enum	0	static
../Middlewares/Third_Party/mbedTLS/library/asn1parse.c:163:5:mbedtls_asn1_get_mpi	24	static
../Middlewares/Third_Party/mbedTLS/library/asn1parse.c:182:5:mbedtls_asn1_get_bitstring	16	static
../Middlewares/Third_Party/mbedTLS/library/asn1parse.c:220:5:mbedtls_asn1_traverse_sequence_of	56	static
../Middlewares/Third_Party/mbedTLS/library/asn1parse.c:271:5:mbedtls_asn1_get_bitstring_null	16	static
../Middlewares/Third_Party/mbedTLS/library/asn1parse.c:293:6:mbedtls_asn1_sequence_free	8	static
../Middlewares/Third_Party/mbedTLS/library/asn1parse.c:339:5:mbedtls_asn1_get_sequence_of	40	static
../Middlewares/Third_Party/mbedTLS/library/asn1parse.c:351:5:mbedtls_asn1_get_alg	40	static
../Middlewares/Third_Party/mbedTLS/library/asn1parse.c:399:5:mbedtls_asn1_get_alg_null	24	static
../Middlewares/Third_Party/mbedTLS/library/asn1parse.c:420:6:mbedtls_asn1_free_named_data	8	static
../Middlewares/Third_Party/mbedTLS/library/asn1parse.c:433:6:mbedtls_asn1_free_named_data_list	16	static
../Middlewares/Third_Party/mbedTLS/library/asn1parse.c:445:6:mbedtls_asn1_free_named_data_list_shallow	8	static
../Middlewares/Third_Party/mbedTLS/library/asn1parse.c:453:32:mbedtls_asn1_find_named_data	16	static
