../Middlewares/Third_Party/mbedTLS/library/asn1write.c:24:5:mbedtls_asn1_write_len	8	static
../Middlewares/Third_Party/mbedTLS/library/asn1write.c:56:5:mbedtls_asn1_write_tag	0	static
../Middlewares/Third_Party/mbedTLS/library/asn1write.c:69:12:mbedtls_asn1_write_len_and_tag	24	static
../Middlewares/Third_Party/mbedTLS/library/asn1write.c:202:12:asn1_write_tagged_int	16	static
../Middlewares/Third_Party/mbedTLS/library/asn1write.c:82:5:mbedtls_asn1_write_raw_buffer	16	static
../Middlewares/Third_Party/mbedTLS/library/asn1write.c:101:5:mbedtls_asn1_write_mpi	24	static
../Middlewares/Third_Party/mbedTLS/library/asn1write.c:142:5:mbedtls_asn1_write_null	0	static
../Middlewares/Third_Party/mbedTLS/library/asn1write.c:149:5:mbedtls_asn1_write_oid	16	static
../Middlewares/Third_Party/mbedTLS/library/asn1write.c:167:5:mbedtls_asn1_write_algorithm_identifier_ext	32	static
../Middlewares/Third_Party/mbedTLS/library/asn1write.c:160:5:mbedtls_asn1_write_algorithm_identifier	16	static
../Middlewares/Third_Party/mbedTLS/library/asn1write.c:188:5:mbedtls_asn1_write_bool	8	static
../Middlewares/Third_Party/mbedTLS/library/asn1write.c:226:5:mbedtls_asn1_write_int	0	static
../Middlewares/Third_Party/mbedTLS/library/asn1write.c:231:5:mbedtls_asn1_write_enum	0	static
../Middlewares/Third_Party/mbedTLS/library/asn1write.c:236:5:mbedtls_asn1_write_tagged_string	16	static
../Middlewares/Third_Party/mbedTLS/library/asn1write.c:249:5:mbedtls_asn1_write_utf8_string	16	static
../Middlewares/Third_Party/mbedTLS/library/asn1write.c:255:5:mbedtls_asn1_write_printable_string	16	static
../Middlewares/Third_Party/mbedTLS/library/asn1write.c:262:5:mbedtls_asn1_write_ia5_string	16	static
../Middlewares/Third_Party/mbedTLS/library/asn1write.c:312:5:mbedtls_asn1_write_bitstring	24	static
../Middlewares/Third_Party/mbedTLS/library/asn1write.c:268:5:mbedtls_asn1_write_named_bitstring	12	static
../Middlewares/Third_Party/mbedTLS/library/asn1write.c:341:5:mbedtls_asn1_write_octet_string	16	static
../Middlewares/Third_Party/mbedTLS/library/asn1write.c:376:26:mbedtls_asn1_store_named_data	32	static
