../Middlewares/Third_Party/mbedTLS/library/constant_time_impl.h:391:29:mbedtls_ct_uchar_in_range_if	0	static,ignoring_inline_asm
../Middlewares/Third_Party/mbedTLS/library/base64.c:27:15:mbedtls_ct_base64_enc_char	16	static
../Middlewares/Third_Party/mbedTLS/library/base64.c:42:13:mbedtls_ct_base64_dec_value	16	static
../Middlewares/Third_Party/mbedTLS/library/base64.c:62:5:mbedtls_base64_encode.part.0	48	static
../Middlewares/Third_Party/mbedTLS/library/base64.c:62:5:mbedtls_base64_encode	8	static
../Middlewares/Third_Party/mbedTLS/library/base64.c:129:5:mbedtls_base64_decode	40	static
../Middlewares/Third_Party/mbedTLS/library/base64.c:278:5:mbedtls_base64_self_test	160	static
