../Middlewares/Third_Party/mbedTLS/library/bignum.c:48:28:mbedtls_ct_mpi_sign_if	0	static,ignoring_inline_asm
../Middlewares/Third_Party/mbedTLS/library/bignum.c:494:12:mpi_get_digit	8	static
../Middlewares/Third_Party/mbedTLS/library/bignum.c:57:5:mbedtls_mpi_lt_mpi_ct	24	static,ignoring_inline_asm
../Middlewares/Third_Party/mbedTLS/library/bignum.c:181:6:mbedtls_mpi_init	0	static
../Middlewares/Third_Party/mbedTLS/library/bignum.c:191:6:mbedtls_mpi_free	8	static
../Middlewares/Third_Party/mbedTLS/library/bignum.c:209:5:mbedtls_mpi_grow	24	static
../Middlewares/Third_Party/mbedTLS/library/bignum.c:118:5:mbedtls_mpi_safe_cond_assign	24	static,ignoring_inline_asm
../Middlewares/Third_Party/mbedTLS/library/bignum.c:149:5:mbedtls_mpi_safe_cond_swap	24	static,ignoring_inline_asm
../Middlewares/Third_Party/mbedTLS/library/bignum.c:284:12:mbedtls_mpi_resize_clear	16	static
../Middlewares/Third_Party/mbedTLS/library/bignum.c:240:5:mbedtls_mpi_shrink	24	static
../Middlewares/Third_Party/mbedTLS/library/bignum.c:307:5:mbedtls_mpi_copy	16	static
../Middlewares/Third_Party/mbedTLS/library/bignum.c:349:6:mbedtls_mpi_swap	16	static
../Middlewares/Third_Party/mbedTLS/library/bignum.c:377:5:mbedtls_mpi_lset	16	static
../Middlewares/Third_Party/mbedTLS/library/bignum.c:395:5:mbedtls_mpi_get_bit	0	static
../Middlewares/Third_Party/mbedTLS/library/bignum.c:407:5:mbedtls_mpi_set_bit	24	static
../Middlewares/Third_Party/mbedTLS/library/bignum.c:462:8:mbedtls_mpi_lsb	0	static
../Middlewares/Third_Party/mbedTLS/library/bignum.c:478:8:mbedtls_mpi_bitlen	0	static
../Middlewares/Third_Party/mbedTLS/library/bignum.c:486:8:mbedtls_mpi_size	8	static
../Middlewares/Third_Party/mbedTLS/library/bignum.c:798:5:mbedtls_mpi_read_binary_le	16	static
../Middlewares/Third_Party/mbedTLS/library/bignum.c:825:5:mbedtls_mpi_read_binary	16	static
../Middlewares/Third_Party/mbedTLS/library/bignum.c:848:5:mbedtls_mpi_write_binary_le	0	static
../Middlewares/Third_Party/mbedTLS/library/bignum.c:857:5:mbedtls_mpi_write_binary	0	static
../Middlewares/Third_Party/mbedTLS/library/bignum.c:866:5:mbedtls_mpi_shift_l	16	static
../Middlewares/Third_Party/mbedTLS/library/bignum.c:888:5:mbedtls_mpi_shift_r	8	static
../Middlewares/Third_Party/mbedTLS/library/bignum.c:899:5:mbedtls_mpi_cmp_abs	12	static
../Middlewares/Third_Party/mbedTLS/library/bignum.c:940:5:mbedtls_mpi_cmp_mpi	12	static
../Middlewares/Third_Party/mbedTLS/library/bignum.c:989:5:mbedtls_mpi_cmp_int	24	static
../Middlewares/Third_Party/mbedTLS/library/bignum.c:1005:5:mbedtls_mpi_add_abs	24	static
../Middlewares/Third_Party/mbedTLS/library/bignum.c:1066:5:mbedtls_mpi_sub_abs	24	static
../Middlewares/Third_Party/mbedTLS/library/bignum.c:1117:12:add_sub_mpi	32	static
../Middlewares/Third_Party/mbedTLS/library/bignum.c:1150:5:mbedtls_mpi_add_mpi	0	static
../Middlewares/Third_Party/mbedTLS/library/bignum.c:1158:5:mbedtls_mpi_sub_mpi	0	static
../Middlewares/Third_Party/mbedTLS/library/bignum.c:1166:5:mbedtls_mpi_add_int	24	static
../Middlewares/Third_Party/mbedTLS/library/bignum.c:1182:5:mbedtls_mpi_sub_int	24	static
../Middlewares/Third_Party/mbedTLS/library/bignum.c:1198:5:mbedtls_mpi_mul_mpi	56	static
../Middlewares/Third_Party/mbedTLS/library/bignum.c:1258:5:mbedtls_mpi_mul_int	32	static
../Middlewares/Third_Party/mbedTLS/library/bignum.c:518:5:mbedtls_mpi_read_string	48	static
../Middlewares/Third_Party/mbedTLS/library/bignum.c:1398:5:mbedtls_mpi_div_mpi	128	static
../Middlewares/Third_Party/mbedTLS/library/bignum.c:1521:5:mbedtls_mpi_div_int	24	static
../Middlewares/Third_Party/mbedTLS/library/bignum.c:1539:5:mbedtls_mpi_mod_mpi	16	static
../Middlewares/Third_Party/mbedTLS/library/bignum.c:1623:12:mbedtls_mpi_exp_mod_optionally_safe	72	static
../Middlewares/Third_Party/mbedTLS/library/bignum.c:1565:5:mbedtls_mpi_mod_int	20	static
../Middlewares/Third_Party/mbedTLS/library/bignum.c:620:5:mbedtls_mpi_write_string	56	static
../Middlewares/Third_Party/mbedTLS/library/bignum.c:2097:12:mpi_check_small_factors	32	static
../Middlewares/Third_Party/mbedTLS/library/bignum.c:1737:5:mbedtls_mpi_exp_mod	16	static
../Middlewares/Third_Party/mbedTLS/library/bignum.c:1744:5:mbedtls_mpi_exp_mod_unsafe	16	static
../Middlewares/Third_Party/mbedTLS/library/bignum.c:1752:5:mbedtls_mpi_gcd_modinv_odd	72	static
../Middlewares/Third_Party/mbedTLS/library/bignum.c:1825:5:mbedtls_mpi_gcd	40	static,ignoring_inline_asm
../Middlewares/Third_Party/mbedTLS/library/bignum.c:1881:5:mbedtls_mpi_fill_random	32	static
../Middlewares/Third_Party/mbedTLS/library/bignum.c:2126:12:mpi_miller_rabin	96	static
../Middlewares/Third_Party/mbedTLS/library/bignum.c:1900:5:mbedtls_mpi_random	32	static
../Middlewares/Third_Party/mbedTLS/library/bignum.c:1927:5:mbedtls_mpi_inv_mod_odd	40	static
../Middlewares/Third_Party/mbedTLS/library/bignum.c:1966:5:mbedtls_mpi_inv_mod_even_in_range	40	static
../Middlewares/Third_Party/mbedTLS/library/bignum.c:2042:5:mbedtls_mpi_inv_mod	32	static
../Middlewares/Third_Party/mbedTLS/library/bignum.c:2215:5:mbedtls_mpi_is_prime_ext	32	static
../Middlewares/Third_Party/mbedTLS/library/bignum.c:2253:5:mbedtls_mpi_gen_prime	64	static
../Middlewares/Third_Party/mbedTLS/library/bignum.c:2387:5:mbedtls_mpi_self_test	88	static
