../Middlewares/Third_Party/mbedTLS/library/chachapoly.c:34:12:chachapoly_pad_aad	32	static
../Middlewares/Third_Party/mbedTLS/library/chachapoly.c:70:6:mbedtls_chachapoly_init	8	static
../Middlewares/Third_Party/mbedTLS/library/chachapoly.c:80:6:mbedtls_chachapoly_free	8	static
../Middlewares/Third_Party/mbedTLS/library/chachapoly.c:94:5:mbedtls_chachapoly_setkey	0	static
../Middlewares/Third_Party/mbedTLS/library/chachapoly.c:104:5:mbedtls_chachapoly_starts	80	static
../Middlewares/Third_Party/mbedTLS/library/chachapoly.c:143:5:mbedtls_chachapoly_update_aad	8	static
../Middlewares/Third_Party/mbedTLS/library/chachapoly.c:156:5:mbedtls_chachapoly_update	24	static
../Middlewares/Third_Party/mbedTLS/library/chachapoly.c:204:5:mbedtls_chachapoly_finish	40	static
../Middlewares/Third_Party/mbedTLS/library/chachapoly.c:244:12:chachapoly_crypt_and_tag	32	static
../Middlewares/Third_Party/mbedTLS/library/chachapoly.c:277:5:mbedtls_chachapoly_encrypt_and_tag	32	static
../Middlewares/Third_Party/mbedTLS/library/chachapoly.c:291:5:mbedtls_chachapoly_auth_decrypt	56	static
../Middlewares/Third_Party/mbedTLS/library/chachapoly.c:427:5:mbedtls_chachapoly_self_test	480	static
