../Middlewares/Third_Party/mbedTLS/library/chacha20.c:49:20:chacha20_quarter_round	16	static
../Middlewares/Third_Party/mbedTLS/library/chacha20.c:103:13:chacha20_block	104	static
../Middlewares/Third_Party/mbedTLS/library/chacha20.c:143:6:mbedtls_chacha20_init	8	static
../Middlewares/Third_Party/mbedTLS/library/chacha20.c:152:6:mbedtls_chacha20_free	0	static
../Middlewares/Third_Party/mbedTLS/library/chacha20.c:159:5:mbedtls_chacha20_setkey	0	static
../Middlewares/Third_Party/mbedTLS/library/chacha20.c:181:5:mbedtls_chacha20_starts	8	static
../Middlewares/Third_Party/mbedTLS/library/chacha20.c:201:5:mbedtls_chacha20_update	32	static
../Middlewares/Third_Party/mbedTLS/library/chacha20.c:245:5:mbedtls_chacha20_crypt	160	static
../Middlewares/Third_Party/mbedTLS/library/chacha20.c:460:5:mbedtls_chacha20_self_test	408	static
