../Middlewares/Third_Party/mbedTLS/library/cipher_wrap.c:493:14:xts_aes_ctx_alloc	8	static
../Middlewares/Third_Party/mbedTLS/library/cipher_wrap.c:486:12:xts_aes_setkey_dec_wrap	0	static
../Middlewares/Third_Party/mbedTLS/library/cipher_wrap.c:479:12:xts_aes_setkey_enc_wrap	0	static
../Middlewares/Third_Party/mbedTLS/library/cipher_wrap.c:208:12:aes_crypt_xts_wrap	8	static
../Middlewares/Third_Party/mbedTLS/library/cipher_wrap.c:2134:13:kw_ctx_free	8	static
../Middlewares/Third_Party/mbedTLS/library/cipher_wrap.c:2123:14:kw_ctx_alloc	8	static
../Middlewares/Third_Party/mbedTLS/library/cipher_wrap.c:2147:12:kw_aes_setkey_unwrap	16	static
../Middlewares/Third_Party/mbedTLS/library/cipher_wrap.c:2140:12:kw_aes_setkey_wrap	16	static
../Middlewares/Third_Party/mbedTLS/library/cipher_wrap.c:132:13:gcm_ctx_free	8	static
../Middlewares/Third_Party/mbedTLS/library/cipher_wrap.c:121:14:gcm_ctx_alloc	8	static
../Middlewares/Third_Party/mbedTLS/library/cipher_wrap.c:1016:12:gcm_camellia_setkey_wrap	0	static
../Middlewares/Third_Party/mbedTLS/library/cipher_wrap.c:1434:12:gcm_aria_setkey_wrap	0	static
../Middlewares/Third_Party/mbedTLS/library/cipher_wrap.c:570:12:gcm_aes_setkey_wrap	0	static
../Middlewares/Third_Party/mbedTLS/library/cipher_wrap.c:1705:13:des_ctx_free	8	static
../Middlewares/Third_Party/mbedTLS/library/cipher_wrap.c:1692:14:des_ctx_alloc	8	static
../Middlewares/Third_Party/mbedTLS/library/cipher_wrap.c:1644:12:des_setkey_dec_wrap	0	static
../Middlewares/Third_Party/mbedTLS/library/cipher_wrap.c:1652:12:des_setkey_enc_wrap	0	static
../Middlewares/Third_Party/mbedTLS/library/cipher_wrap.c:1627:12:des_crypt_cbc_wrap	0	static
../Middlewares/Third_Party/mbedTLS/library/cipher_wrap.c:1612:12:des_crypt_ecb_wrap	0	static
../Middlewares/Third_Party/mbedTLS/library/cipher_wrap.c:1725:13:des3_ctx_free	8	static
../Middlewares/Third_Party/mbedTLS/library/cipher_wrap.c:1711:14:des3_ctx_alloc	8	static
../Middlewares/Third_Party/mbedTLS/library/cipher_wrap.c:1660:12:des3_set2key_dec_wrap	0	static
../Middlewares/Third_Party/mbedTLS/library/cipher_wrap.c:1668:12:des3_set2key_enc_wrap	0	static
../Middlewares/Third_Party/mbedTLS/library/cipher_wrap.c:1636:12:des3_crypt_cbc_wrap	0	static
../Middlewares/Third_Party/mbedTLS/library/cipher_wrap.c:1619:12:des3_crypt_ecb_wrap	0	static
../Middlewares/Third_Party/mbedTLS/library/cipher_wrap.c:1676:12:des3_set3key_dec_wrap	0	static
../Middlewares/Third_Party/mbedTLS/library/cipher_wrap.c:1684:12:des3_set3key_enc_wrap	0	static
../Middlewares/Third_Party/mbedTLS/library/cipher_wrap.c:2005:13:chachapoly_ctx_free	8	static
../Middlewares/Third_Party/mbedTLS/library/cipher_wrap.c:1991:14:chachapoly_ctx_alloc	8	static
../Middlewares/Third_Party/mbedTLS/library/cipher_wrap.c:1976:12:chachapoly_setkey_wrap	8	static
../Middlewares/Third_Party/mbedTLS/library/cipher_wrap.c:1928:13:chacha20_ctx_free	8	static
../Middlewares/Third_Party/mbedTLS/library/cipher_wrap.c:1914:14:chacha20_ctx_alloc	8	static
../Middlewares/Third_Party/mbedTLS/library/cipher_wrap.c:1886:12:chacha20_setkey_wrap	8	static
../Middlewares/Third_Party/mbedTLS/library/cipher_wrap.c:1900:12:chacha20_stream_wrap	8	static
../Middlewares/Third_Party/mbedTLS/library/cipher_wrap.c:154:13:ccm_ctx_free	8	static
../Middlewares/Third_Party/mbedTLS/library/cipher_wrap.c:143:14:ccm_ctx_alloc	8	static
../Middlewares/Third_Party/mbedTLS/library/cipher_wrap.c:1087:12:ccm_camellia_setkey_wrap	0	static
../Middlewares/Third_Party/mbedTLS/library/cipher_wrap.c:1505:12:ccm_aria_setkey_wrap	0	static
../Middlewares/Third_Party/mbedTLS/library/cipher_wrap.c:654:12:ccm_aes_setkey_wrap	0	static
../Middlewares/Third_Party/mbedTLS/library/cipher_wrap.c:842:13:camellia_ctx_free	8	static
../Middlewares/Third_Party/mbedTLS/library/cipher_wrap.c:828:14:camellia_ctx_alloc	8	static
../Middlewares/Third_Party/mbedTLS/library/cipher_wrap.c:815:12:camellia_setkey_dec_wrap	0	static
../Middlewares/Third_Party/mbedTLS/library/cipher_wrap.c:822:12:camellia_setkey_enc_wrap	0	static
../Middlewares/Third_Party/mbedTLS/library/cipher_wrap.c:805:12:camellia_crypt_ctr_wrap	0	static
../Middlewares/Third_Party/mbedTLS/library/cipher_wrap.c:795:12:camellia_crypt_cfb128_wrap	0	static
../Middlewares/Third_Party/mbedTLS/library/cipher_wrap.c:785:12:camellia_crypt_cbc_wrap	0	static
../Middlewares/Third_Party/mbedTLS/library/cipher_wrap.c:777:12:camellia_crypt_ecb_wrap	0	static
../Middlewares/Third_Party/mbedTLS/library/cipher_wrap.c:1260:13:aria_ctx_free	8	static
../Middlewares/Third_Party/mbedTLS/library/cipher_wrap.c:1246:14:aria_ctx_alloc	8	static
../Middlewares/Third_Party/mbedTLS/library/cipher_wrap.c:1233:12:aria_setkey_dec_wrap	0	static
../Middlewares/Third_Party/mbedTLS/library/cipher_wrap.c:1240:12:aria_setkey_enc_wrap	0	static
../Middlewares/Third_Party/mbedTLS/library/cipher_wrap.c:1223:12:aria_crypt_ctr_wrap	0	static
../Middlewares/Third_Party/mbedTLS/library/cipher_wrap.c:1213:12:aria_crypt_cfb128_wrap	0	static
../Middlewares/Third_Party/mbedTLS/library/cipher_wrap.c:1203:12:aria_crypt_cbc_wrap	0	static
../Middlewares/Third_Party/mbedTLS/library/cipher_wrap.c:1194:12:aria_crypt_ecb_wrap	0	static
../Middlewares/Third_Party/mbedTLS/library/cipher_wrap.c:260:13:aes_ctx_free	8	static
../Middlewares/Third_Party/mbedTLS/library/cipher_wrap.c:247:14:aes_ctx_alloc	8	static
../Middlewares/Third_Party/mbedTLS/library/cipher_wrap.c:234:12:aes_setkey_dec_wrap	0	static
../Middlewares/Third_Party/mbedTLS/library/cipher_wrap.c:241:12:aes_setkey_enc_wrap	0	static
../Middlewares/Third_Party/mbedTLS/library/cipher_wrap.c:198:12:aes_crypt_ctr_wrap	0	static
../Middlewares/Third_Party/mbedTLS/library/cipher_wrap.c:189:12:aes_crypt_ofb_wrap	0	static
../Middlewares/Third_Party/mbedTLS/library/cipher_wrap.c:179:12:aes_crypt_cfb128_wrap	0	static
../Middlewares/Third_Party/mbedTLS/library/cipher_wrap.c:170:12:aes_crypt_cbc_wrap	0	static
../Middlewares/Third_Party/mbedTLS/library/cipher_wrap.c:163:12:aes_crypt_ecb_wrap	0	static
../Middlewares/Third_Party/mbedTLS/library/cipher_wrap.c:504:13:xts_aes_ctx_free	8	static
