../Middlewares/Third_Party/mbedTLS/library/constant_time_impl.h:271:38:mbedtls_ct_uint_lt	0	static,ignoring_inline_asm
../Middlewares/Third_Party/mbedTLS/library/constant_time_impl.h:382:38:mbedtls_ct_uint_ne	0	static,ignoring_inline_asm
../Middlewares/Third_Party/mbedTLS/library/cipher.c:836:13:add_pkcs_padding	8	static
../Middlewares/Third_Party/mbedTLS/library/cipher.c:890:13:add_one_and_zeros_padding	12	static
../Middlewares/Third_Party/mbedTLS/library/cipher.c:935:13:add_zeros_and_len_padding	16	static
../Middlewares/Third_Party/mbedTLS/library/cipher.c:1017:12:get_no_padding	0	static
../Middlewares/Third_Party/mbedTLS/library/cipher.c:983:13:add_zeros_padding	0	static
../Middlewares/Third_Party/mbedTLS/library/cipher.c:852:29:mbedtls_get_pkcs_padding	40	static,ignoring_inline_asm
../Middlewares/Third_Party/mbedTLS/library/cipher.c:989:12:get_zeros_padding	32	static,ignoring_inline_asm
../Middlewares/Third_Party/mbedTLS/library/cipher.c:947:12:get_zeros_and_len_padding	32	static,ignoring_inline_asm
../Middlewares/Third_Party/mbedTLS/library/cipher.c:902:12:get_one_and_zeros_padding	32	static,ignoring_inline_asm
../Middlewares/Third_Party/mbedTLS/library/cipher.c:66:12:mbedtls_cipher_list	0	static
../Middlewares/Third_Party/mbedTLS/library/cipher.c:87:30:mbedtls_cipher_info_from_type	0	static
../Middlewares/Third_Party/mbedTLS/library/cipher.c:101:30:mbedtls_cipher_info_from_string	16	static
../Middlewares/Third_Party/mbedTLS/library/cipher.c:119:30:mbedtls_cipher_info_from_values	20	static
../Middlewares/Third_Party/mbedTLS/library/cipher.c:207:6:mbedtls_cipher_init	0	static
../Middlewares/Third_Party/mbedTLS/library/cipher.c:212:6:mbedtls_cipher_free	8	static
../Middlewares/Third_Party/mbedTLS/library/cipher.c:251:5:mbedtls_cipher_setup	16	static
../Middlewares/Third_Party/mbedTLS/library/cipher.c:308:5:mbedtls_cipher_setkey	12	static
../Middlewares/Third_Party/mbedTLS/library/cipher.c:418:5:mbedtls_cipher_set_iv	24	static
../Middlewares/Third_Party/mbedTLS/library/cipher.c:517:5:mbedtls_cipher_reset	0	static
../Middlewares/Third_Party/mbedTLS/library/cipher.c:537:5:mbedtls_cipher_update_ad	16	static
../Middlewares/Third_Party/mbedTLS/library/cipher.c:585:5:mbedtls_cipher_update	64	static
../Middlewares/Third_Party/mbedTLS/library/cipher.c:1030:5:mbedtls_cipher_finish_padded	32	static
../Middlewares/Third_Party/mbedTLS/library/cipher.c:1139:5:mbedtls_cipher_finish	16	static
../Middlewares/Third_Party/mbedTLS/library/cipher.c:1153:5:mbedtls_cipher_set_padding_mode	0	static
../Middlewares/Third_Party/mbedTLS/library/cipher.c:1213:5:mbedtls_cipher_write_tag	32	static
../Middlewares/Third_Party/mbedTLS/library/cipher.c:1259:5:mbedtls_cipher_check_tag	56	static
../Middlewares/Third_Party/mbedTLS/library/cipher.c:1340:5:mbedtls_cipher_crypt	40	static
../Middlewares/Third_Party/mbedTLS/library/cipher.c:1619:5:mbedtls_cipher_auth_encrypt_ext	80	static
../Middlewares/Third_Party/mbedTLS/library/cipher.c:1670:5:mbedtls_cipher_auth_decrypt_ext	72	static
