../Middlewares/Third_Party/mbedTLS/library/ctr.h:21:20:mbedtls_ctr_increment_counter	0	static
../Middlewares/Third_Party/mbedTLS/library/ctr_drbg.c:928:12:ctr_drbg_self_test_entropy	16	static
../Middlewares/Third_Party/mbedTLS/library/ctr_drbg.c:161:12:block_cipher_df	832	static
../Middlewares/Third_Party/mbedTLS/library/ctr_drbg.c:332:12:ctr_drbg_update_internal	80	static
../Middlewares/Third_Party/mbedTLS/library/ctr_drbg.c:447:12:mbedtls_ctr_drbg_reseed_internal	408	static
../Middlewares/Third_Party/mbedTLS/library/ctr_drbg.c:93:6:mbedtls_ctr_drbg_free.part.0	8	static
../Middlewares/Third_Party/mbedTLS/library/ctr_drbg.c:73:6:mbedtls_ctr_drbg_init	8	static
../Middlewares/Third_Party/mbedTLS/library/ctr_drbg.c:93:6:mbedtls_ctr_drbg_free	0	static
../Middlewares/Third_Party/mbedTLS/library/ctr_drbg.c:115:6:mbedtls_ctr_drbg_set_prediction_resistance	0	static
../Middlewares/Third_Party/mbedTLS/library/ctr_drbg.c:121:6:mbedtls_ctr_drbg_set_entropy_len	0	static
../Middlewares/Third_Party/mbedTLS/library/ctr_drbg.c:127:5:mbedtls_ctr_drbg_set_nonce_len	0	static
../Middlewares/Third_Party/mbedTLS/library/ctr_drbg.c:155:6:mbedtls_ctr_drbg_set_reseed_interval	0	static
../Middlewares/Third_Party/mbedTLS/library/ctr_drbg.c:411:5:mbedtls_ctr_drbg_update	64	static
../Middlewares/Third_Party/mbedTLS/library/ctr_drbg.c:504:5:mbedtls_ctr_drbg_reseed	0	static
../Middlewares/Third_Party/mbedTLS/library/ctr_drbg.c:535:5:mbedtls_ctr_drbg_seed	56	static
../Middlewares/Third_Party/mbedTLS/library/ctr_drbg.c:609:5:mbedtls_ctr_drbg_random_with_add	88	static
../Middlewares/Third_Party/mbedTLS/library/ctr_drbg.c:696:5:mbedtls_ctr_drbg_random	16	static
../Middlewares/Third_Party/mbedTLS/library/ctr_drbg.c:949:5:mbedtls_ctr_drbg_self_test	408	static
