../Middlewares/Third_Party/mbedTLS/library/debug.c:34:20:debug_send_line	4	static
../Middlewares/Third_Party/mbedTLS/library/debug.c:265:6:mbedtls_debug_print_mpi.part.0	560	static
../Middlewares/Third_Party/mbedTLS/library/debug.c:26:6:mbedtls_debug_set_threshold	0	static
../Middlewares/Third_Party/mbedTLS/library/debug.c:53:6:mbedtls_debug_print_msg	560	static
../Middlewares/Third_Party/mbedTLS/library/debug.c:87:6:mbedtls_debug_print_ret	544	static
../Middlewares/Third_Party/mbedTLS/library/debug.c:115:6:mbedtls_debug_print_buf	584	static
../Middlewares/Third_Party/mbedTLS/library/debug.c:265:6:mbedtls_debug_print_mpi	16	static
../Middlewares/Third_Party/mbedTLS/library/debug.c:171:6:mbedtls_debug_print_ecp.part.0	552	static
../Middlewares/Third_Party/mbedTLS/library/debug.c:171:6:mbedtls_debug_print_ecp	16	static
../Middlewares/Third_Party/mbedTLS/library/debug.c:384:6:mbedtls_debug_print_crt	2120	static
../Middlewares/Third_Party/mbedTLS/library/debug.c:447:6:mbedtls_debug_printf_ecdh	8	static
