../Middlewares/Third_Party/mbedTLS/library/des.c:265:6:mbedtls_des_init	0	static
../Middlewares/Third_Party/mbedTLS/library/des.c:270:6:mbedtls_des_free	0	static
../Middlewares/Third_Party/mbedTLS/library/des.c:279:6:mbedtls_des3_init	0	static
../Middlewares/Third_Party/mbedTLS/library/des.c:284:6:mbedtls_des3_free	0	static
../Middlewares/Third_Party/mbedTLS/library/des.c:312:6:mbedtls_des_key_set_parity	0	static
../Middlewares/Third_Party/mbedTLS/library/des.c:324:5:mbedtls_des_key_check_key_parity	8	static
../Middlewares/Third_Party/mbedTLS/library/des.c:381:5:mbedtls_des_key_check_weak	16	static
../Middlewares/Third_Party/mbedTLS/library/des.c:395:6:mbedtls_des_setkey	32	static
../Middlewares/Third_Party/mbedTLS/library/des.c:488:13:des3_set2key	16	static
../Middlewares/Third_Party/mbedTLS/library/des.c:540:13:des3_set3key	16	static
../Middlewares/Third_Party/mbedTLS/library/des.c:464:5:mbedtls_des_setkey_enc	8	static
../Middlewares/Third_Party/mbedTLS/library/des.c:474:5:mbedtls_des_setkey_dec	8	static
../Middlewares/Third_Party/mbedTLS/library/des.c:515:5:mbedtls_des3_set2key_enc	392	static
../Middlewares/Third_Party/mbedTLS/library/des.c:529:5:mbedtls_des3_set2key_dec	392	static
../Middlewares/Third_Party/mbedTLS/library/des.c:565:5:mbedtls_des3_set3key_enc	392	static
../Middlewares/Third_Party/mbedTLS/library/des.c:579:5:mbedtls_des3_set3key_dec	392	static
../Middlewares/Third_Party/mbedTLS/library/des.c:594:5:mbedtls_des_crypt_ecb	48	static
../Middlewares/Third_Party/mbedTLS/library/des.c:626:5:mbedtls_des_crypt_cbc	40	static
../Middlewares/Third_Party/mbedTLS/library/des.c:682:5:mbedtls_des3_crypt_ecb	56	static
../Middlewares/Third_Party/mbedTLS/library/des.c:724:5:mbedtls_des3_crypt_cbc	40	static
../Middlewares/Third_Party/mbedTLS/library/des.c:834:5:mbedtls_des_self_test	592	static
