../Middlewares/Third_Party/mbedTLS/library/dhm.c:42:12:dhm_read_bignum	16	static
../Middlewares/Third_Party/mbedTLS/library/dhm.c:80:12:dhm_check_range	32	static
../Middlewares/Third_Party/mbedTLS/library/dhm.c:169:12:dhm_random_below	16	static
../Middlewares/Third_Party/mbedTLS/library/dhm.c:181:12:dhm_make_common	32	static
../Middlewares/Third_Party/mbedTLS/library/dhm.c:446:6:mbedtls_dhm_free.part.0	8	static
../Middlewares/Third_Party/mbedTLS/library/dhm.c:99:6:mbedtls_dhm_init	0	static
../Middlewares/Third_Party/mbedTLS/library/dhm.c:104:8:mbedtls_dhm_get_bitlen	0	static
../Middlewares/Third_Party/mbedTLS/library/dhm.c:109:8:mbedtls_dhm_get_len	0	static
../Middlewares/Third_Party/mbedTLS/library/dhm.c:114:5:mbedtls_dhm_get_value	0	static
../Middlewares/Third_Party/mbedTLS/library/dhm.c:147:5:mbedtls_dhm_read_params	24	static
../Middlewares/Third_Party/mbedTLS/library/dhm.c:224:5:mbedtls_dhm_make_params	48	static
../Middlewares/Third_Party/mbedTLS/library/dhm.c:273:5:mbedtls_dhm_set_group	16	static
../Middlewares/Third_Party/mbedTLS/library/dhm.c:290:5:mbedtls_dhm_read_public	24	static
../Middlewares/Third_Party/mbedTLS/library/dhm.c:309:5:mbedtls_dhm_make_public	24	static
../Middlewares/Third_Party/mbedTLS/library/dhm.c:393:5:mbedtls_dhm_calc_secret	64	static
../Middlewares/Third_Party/mbedTLS/library/dhm.c:446:6:mbedtls_dhm_free	0	static
../Middlewares/Third_Party/mbedTLS/library/dhm.c:470:5:mbedtls_dhm_parse_dhm	72	static
../Middlewares/Third_Party/mbedTLS/library/dhm.c:666:5:mbedtls_dhm_self_test	96	static
