../Middlewares/Third_Party/mbedTLS/library/ecdh.c:39:5:mbedtls_ecdh_can_do	0	static
../Middlewares/Third_Party/mbedTLS/library/ecdh.c:81:5:mbedtls_ecdh_gen_public	40	static
../Middlewares/Third_Party/mbedTLS/library/ecdh.c:124:5:mbedtls_ecdh_compute_shared	64	static
../Middlewares/Third_Party/mbedTLS/library/ecdh.c:147:22:mbedtls_ecdh_get_grp_id	0	static
../Middlewares/Third_Party/mbedTLS/library/ecdh.c:159:6:mbedtls_ecdh_init	0	static
../Middlewares/Third_Party/mbedTLS/library/ecdh.c:193:5:mbedtls_ecdh_setup	16	static
../Middlewares/Third_Party/mbedTLS/library/ecdh.c:242:6:mbedtls_ecdh_free	8	static
../Middlewares/Third_Party/mbedTLS/library/ecdh.c:337:5:mbedtls_ecdh_make_params	48	static
../Middlewares/Third_Party/mbedTLS/library/ecdh.c:385:5:mbedtls_ecdh_read_params	24	static
../Middlewares/Third_Party/mbedTLS/library/ecdh.c:445:5:mbedtls_ecdh_get_params	16	static
../Middlewares/Third_Party/mbedTLS/library/ecdh.c:537:5:mbedtls_ecdh_make_public	40	static
../Middlewares/Third_Party/mbedTLS/library/ecdh.c:589:5:mbedtls_ecdh_read_public	24	static
../Middlewares/Third_Party/mbedTLS/library/ecdh.c:665:5:mbedtls_ecdh_calc_secret	40	static
