../Middlewares/Third_Party/mbedTLS/library/ecjpake.c:987:12:self_test_rng	16	static
../Middlewares/Third_Party/mbedTLS/library/ecjpake.c:1023:12:ecjpake_lgc	24	static
../Middlewares/Third_Party/mbedTLS/library/ecjpake.c:156:12:ecjpake_write_len_point	32	static
../Middlewares/Third_Party/mbedTLS/library/ecjpake.c:192:12:ecjpake_hash	552	static
../Middlewares/Third_Party/mbedTLS/library/ecjpake.c:313:12:ecjpake_zkp_write	112	static
../Middlewares/Third_Party/mbedTLS/library/ecjpake.c:411:12:ecjpake_kkp_write	80	static
../Middlewares/Third_Party/mbedTLS/library/ecjpake.c:543:12:ecjpake_ecp_add3	40	static
../Middlewares/Third_Party/mbedTLS/library/ecjpake.c:621:12:ecjpake_mul_secret	40	static
../Middlewares/Third_Party/mbedTLS/library/ecjpake.c:726:12:mbedtls_ecjpake_derive_k	72	static
../Middlewares/Third_Party/mbedTLS/library/ecjpake.c:374:12:ecjpake_kkp_read	136	static
../Middlewares/Third_Party/mbedTLS/library/ecjpake.c:70:6:mbedtls_ecjpake_free.part.0	8	static
../Middlewares/Third_Party/mbedTLS/library/ecjpake.c:1002:12:ecjpake_test_load.constprop	40	static
../Middlewares/Third_Party/mbedTLS/library/ecjpake.c:50:6:mbedtls_ecjpake_init	16	static
../Middlewares/Third_Party/mbedTLS/library/ecjpake.c:70:6:mbedtls_ecjpake_free	0	static
../Middlewares/Third_Party/mbedTLS/library/ecjpake.c:93:5:mbedtls_ecjpake_setup	24	static
../Middlewares/Third_Party/mbedTLS/library/ecjpake.c:126:5:mbedtls_ecjpake_set_point_format	0	static
../Middlewares/Third_Party/mbedTLS/library/ecjpake.c:142:5:mbedtls_ecjpake_check	0	static
../Middlewares/Third_Party/mbedTLS/library/ecjpake.c:516:5:mbedtls_ecjpake_read_round_one	64	static
../Middlewares/Third_Party/mbedTLS/library/ecjpake.c:529:5:mbedtls_ecjpake_write_round_one	88	static
../Middlewares/Third_Party/mbedTLS/library/ecjpake.c:566:5:mbedtls_ecjpake_read_round_two	176	static
../Middlewares/Third_Party/mbedTLS/library/ecjpake.c:652:5:mbedtls_ecjpake_write_round_two	144	static
../Middlewares/Third_Party/mbedTLS/library/ecjpake.c:759:5:mbedtls_ecjpake_derive_secret	128	static
../Middlewares/Third_Party/mbedTLS/library/ecjpake.c:793:5:mbedtls_ecjpake_write_shared_key	56	static
../Middlewares/Third_Party/mbedTLS/library/ecjpake.c:1053:5:mbedtls_ecjpake_self_test	1088	static
