../Middlewares/Third_Party/mbedTLS/library/ecp.c:3446:12:self_test_rng	16	static
../Middlewares/Third_Party/mbedTLS/library/ecp.c:318:13:mpi_init_many	16	static
../Middlewares/Third_Party/mbedTLS/library/ecp.c:325:13:mpi_free_many	16	static
../Middlewares/Third_Party/mbedTLS/library/ecp.c:1458:12:ecp_safe_invert_jac	32	static
../Middlewares/Third_Party/mbedTLS/library/ecp.c:2013:12:ecp_select_comb	48	static
../Middlewares/Third_Party/mbedTLS/library/ecp.c:1079:19:mbedtls_mpi_sub_mod	16	static
../Middlewares/Third_Party/mbedTLS/library/ecp.c:1056:19:mbedtls_mpi_mul_mod	16	static
../Middlewares/Third_Party/mbedTLS/library/ecp.c:1315:12:ecp_normalize_jac	32	static
../Middlewares/Third_Party/mbedTLS/library/ecp.c:1361:12:ecp_normalize_jac_many	56	static
../Middlewares/Third_Party/mbedTLS/library/ecp.c:1100:19:mbedtls_mpi_add_mod	16	static
../Middlewares/Third_Party/mbedTLS/library/ecp.c:1113:19:mbedtls_mpi_mul_int_mod.part.0	16	static
../Middlewares/Third_Party/mbedTLS/library/ecp.c:545:6:mbedtls_ecp_point_free.part.0	8	static
../Middlewares/Third_Party/mbedTLS/library/ecp.c:1144:19:mbedtls_mpi_shift_l_mod.constprop	16	static
../Middlewares/Third_Party/mbedTLS/library/ecp.c:1226:12:ecp_sw_rhs	24	static
../Middlewares/Third_Party/mbedTLS/library/ecp.c:1487:12:ecp_double_jac	40	static
../Middlewares/Third_Party/mbedTLS/library/ecp.c:397:31:mbedtls_ecp_curve_list	0	static
../Middlewares/Third_Party/mbedTLS/library/ecp.c:405:29:mbedtls_ecp_grp_id_list	16	static
../Middlewares/Third_Party/mbedTLS/library/ecp.c:429:31:mbedtls_ecp_curve_info_from_grp_id	0	static
../Middlewares/Third_Party/mbedTLS/library/ecp.c:447:31:mbedtls_ecp_curve_info_from_tls_id	0	static
../Middlewares/Third_Party/mbedTLS/library/ecp.c:465:31:mbedtls_ecp_curve_info_from_name	16	static
../Middlewares/Third_Party/mbedTLS/library/ecp.c:487:24:mbedtls_ecp_get_type	0	static
../Middlewares/Third_Party/mbedTLS/library/ecp.c:503:6:mbedtls_ecp_point_init	8	static
../Middlewares/Third_Party/mbedTLS/library/ecp.c:513:6:mbedtls_ecp_group_init	16	static
../Middlewares/Third_Party/mbedTLS/library/ecp.c:535:6:mbedtls_ecp_keypair_init	8	static
../Middlewares/Third_Party/mbedTLS/library/ecp.c:545:6:mbedtls_ecp_point_free	0	static
../Middlewares/Third_Party/mbedTLS/library/ecp.c:572:6:mbedtls_ecp_group_free	16	static
../Middlewares/Third_Party/mbedTLS/library/ecp.c:604:6:mbedtls_ecp_keypair_free	8	static
../Middlewares/Third_Party/mbedTLS/library/ecp.c:618:5:mbedtls_ecp_copy	16	static
../Middlewares/Third_Party/mbedTLS/library/ecp.c:632:5:mbedtls_ecp_group_copy	0	static
../Middlewares/Third_Party/mbedTLS/library/ecp.c:640:5:mbedtls_ecp_set_zero	8	static
../Middlewares/Third_Party/mbedTLS/library/ecp.c:1584:12:ecp_add_mixed	40	static
../Middlewares/Third_Party/mbedTLS/library/ecp.c:2165:12:ecp_mul_comb_after_precomp	408	static
../Middlewares/Third_Party/mbedTLS/library/ecp.c:654:5:mbedtls_ecp_is_zero	8	static
../Middlewares/Third_Party/mbedTLS/library/ecp.c:662:5:mbedtls_ecp_point_cmp	16	static
../Middlewares/Third_Party/mbedTLS/library/ecp.c:677:5:mbedtls_ecp_point_read_string	16	static
../Middlewares/Third_Party/mbedTLS/library/ecp.c:692:5:mbedtls_ecp_point_write_binary	40	static
../Middlewares/Third_Party/mbedTLS/library/ecp.c:770:5:mbedtls_ecp_point_read_binary	64	static
../Middlewares/Third_Party/mbedTLS/library/ecp.c:845:5:mbedtls_ecp_tls_read_point	12	static
../Middlewares/Third_Party/mbedTLS/library/ecp.c:878:5:mbedtls_ecp_tls_write_point	24	static
../Middlewares/Third_Party/mbedTLS/library/ecp.c:928:5:mbedtls_ecp_tls_read_group_id	8	static
../Middlewares/Third_Party/mbedTLS/library/ecp.c:912:5:mbedtls_ecp_tls_read_group	16	static
../Middlewares/Third_Party/mbedTLS/library/ecp.c:965:5:mbedtls_ecp_tls_write_group	16	static
../Middlewares/Third_Party/mbedTLS/library/ecp.c:3001:5:mbedtls_ecp_check_pubkey	48	static
../Middlewares/Third_Party/mbedTLS/library/ecp.c:3025:5:mbedtls_ecp_check_privkey	16	static
../Middlewares/Third_Party/mbedTLS/library/ecp.c:2600:12:ecp_mul_restartable_internal	176	static
../Middlewares/Third_Party/mbedTLS/library/ecp.c:2671:5:mbedtls_ecp_mul_restartable	12	static
../Middlewares/Third_Party/mbedTLS/library/ecp.c:2686:5:mbedtls_ecp_mul	24	static
../Middlewares/Third_Party/mbedTLS/library/ecp.c:3497:12:self_test_point.constprop	64	static
../Middlewares/Third_Party/mbedTLS/library/ecp.c:2739:12:mbedtls_ecp_mul_shortcuts	48	static
../Middlewares/Third_Party/mbedTLS/library/ecp.c:2774:5:mbedtls_ecp_muladd_restartable	96	static
../Middlewares/Third_Party/mbedTLS/library/ecp.c:2878:5:mbedtls_ecp_muladd	24	static
../Middlewares/Third_Party/mbedTLS/library/ecp.c:3111:5:mbedtls_ecp_gen_privkey	32	static
../Middlewares/Third_Party/mbedTLS/library/ecp.c:3135:5:mbedtls_ecp_gen_keypair_base	32	static
../Middlewares/Third_Party/mbedTLS/library/ecp.c:3152:5:mbedtls_ecp_gen_keypair	16	static
../Middlewares/Third_Party/mbedTLS/library/ecp.c:3163:5:mbedtls_ecp_gen_key	24	static
../Middlewares/Third_Party/mbedTLS/library/ecp.c:3175:5:mbedtls_ecp_set_public_key	16	static
../Middlewares/Third_Party/mbedTLS/library/ecp.c:3199:5:mbedtls_ecp_read_key	40	static
../Middlewares/Third_Party/mbedTLS/library/ecp.c:3280:5:mbedtls_ecp_write_key	24	static
../Middlewares/Third_Party/mbedTLS/library/ecp.c:3312:5:mbedtls_ecp_write_key_ext	16	static
../Middlewares/Third_Party/mbedTLS/library/ecp.c:3347:5:mbedtls_ecp_write_public_key	16	static
../Middlewares/Third_Party/mbedTLS/library/ecp.c:3360:5:mbedtls_ecp_check_pub_priv	160	static
../Middlewares/Third_Party/mbedTLS/library/ecp.c:3398:5:mbedtls_ecp_keypair_calc_public	16	static
../Middlewares/Third_Party/mbedTLS/library/ecp.c:3407:22:mbedtls_ecp_keypair_get_group_id	0	static
../Middlewares/Third_Party/mbedTLS/library/ecp.c:3416:5:mbedtls_ecp_export	16	static
../Middlewares/Third_Party/mbedTLS/library/ecp.c:3551:5:mbedtls_ecp_self_test	232	static
