../Middlewares/Third_Party/mbedTLS/library/entropy.c:486:12:entropy_dummy_source	16	static
../Middlewares/Third_Party/mbedTLS/library/entropy.c:124:12:entropy_update	96	static
../Middlewares/Third_Party/mbedTLS/library/entropy.c:198:12:entropy_gather_internal	168	static
../Middlewares/Third_Party/mbedTLS/library/entropy.c:270:5:mbedtls_entropy_func.part.0	88	static
../Middlewares/Third_Party/mbedTLS/library/entropy.c:499:12:mbedtls_entropy_source_self_test_gather.constprop	24	static
../Middlewares/Third_Party/mbedTLS/library/entropy.c:62:6:mbedtls_entropy_free	8	static
../Middlewares/Third_Party/mbedTLS/library/entropy.c:86:5:mbedtls_entropy_add_source	12	static
../Middlewares/Third_Party/mbedTLS/library/entropy.c:27:6:mbedtls_entropy_init	24	static
../Middlewares/Third_Party/mbedTLS/library/entropy.c:173:5:mbedtls_entropy_update_manual	0	static
../Middlewares/Third_Party/mbedTLS/library/entropy.c:249:5:mbedtls_entropy_gather	0	static
../Middlewares/Third_Party/mbedTLS/library/entropy.c:270:5:mbedtls_entropy_func	0	static
../Middlewares/Third_Party/mbedTLS/library/entropy.c:550:5:mbedtls_entropy_source_self_test	48	static
../Middlewares/Third_Party/mbedTLS/library/entropy.c:603:5:mbedtls_entropy_self_test	584	static
