../Middlewares/Third_Party/mbedTLS/library/gcm.c:348:13:gcm_mult	56	static
../Middlewares/Third_Party/mbedTLS/library/gcm.c:535:12:gcm_mask	56	static
../Middlewares/Third_Party/mbedTLS/library/gcm.c:771:6:mbedtls_gcm_free.part.0	8	static
../Middlewares/Third_Party/mbedTLS/library/gcm.c:54:6:mbedtls_gcm_init	0	static
../Middlewares/Third_Party/mbedTLS/library/gcm.c:163:5:mbedtls_gcm_setkey	72	static
../Middlewares/Third_Party/mbedTLS/library/gcm.c:378:5:mbedtls_gcm_starts	72	static
../Middlewares/Third_Party/mbedTLS/library/gcm.c:468:5:mbedtls_gcm_update_ad	24	static
../Middlewares/Third_Party/mbedTLS/library/gcm.c:565:5:mbedtls_gcm_update	56	static
../Middlewares/Third_Party/mbedTLS/library/gcm.c:651:5:mbedtls_gcm_finish	56	static
../Middlewares/Third_Party/mbedTLS/library/gcm.c:704:5:mbedtls_gcm_crypt_and_tag	32	static
../Middlewares/Third_Party/mbedTLS/library/gcm.c:739:5:mbedtls_gcm_auth_decrypt	72	static
../Middlewares/Third_Party/mbedTLS/library/gcm.c:771:6:mbedtls_gcm_free	0	static
../Middlewares/Third_Party/mbedTLS/library/gcm.c:1018:5:mbedtls_gcm_self_test	600	static
