../Middlewares/Third_Party/mbedTLS/library/hmac_drbg.c:549:12:hmac_drbg_self_test_entropy	16	static
../Middlewares/Third_Party/mbedTLS/library/hmac_drbg.c:408:6:mbedtls_hmac_drbg_free.part.0	8	static
../Middlewares/Third_Party/mbedTLS/library/hmac_drbg.c:33:6:mbedtls_hmac_drbg_init	8	static
../Middlewares/Third_Party/mbedTLS/library/hmac_drbg.c:43:5:mbedtls_hmac_drbg_update	104	static
../Middlewares/Third_Party/mbedTLS/library/hmac_drbg.c:134:12:hmac_drbg_reseed_core	408	static
../Middlewares/Third_Party/mbedTLS/library/hmac_drbg.c:97:5:mbedtls_hmac_drbg_seed_buf	24	static
../Middlewares/Third_Party/mbedTLS/library/hmac_drbg.c:210:5:mbedtls_hmac_drbg_reseed	0	static
../Middlewares/Third_Party/mbedTLS/library/hmac_drbg.c:222:5:mbedtls_hmac_drbg_seed	32	static
../Middlewares/Third_Party/mbedTLS/library/hmac_drbg.c:280:6:mbedtls_hmac_drbg_set_prediction_resistance	0	static
../Middlewares/Third_Party/mbedTLS/library/hmac_drbg.c:289:6:mbedtls_hmac_drbg_set_entropy_len	0	static
../Middlewares/Third_Party/mbedTLS/library/hmac_drbg.c:297:6:mbedtls_hmac_drbg_set_reseed_interval	0	static
../Middlewares/Third_Party/mbedTLS/library/hmac_drbg.c:306:5:mbedtls_hmac_drbg_random_with_add	40	static
../Middlewares/Third_Party/mbedTLS/library/hmac_drbg.c:382:5:mbedtls_hmac_drbg_random	16	static
../Middlewares/Third_Party/mbedTLS/library/hmac_drbg.c:408:6:mbedtls_hmac_drbg_free	0	static
../Middlewares/Third_Party/mbedTLS/library/hmac_drbg.c:568:5:mbedtls_hmac_drbg_self_test	208	static
