../Middlewares/Third_Party/mbedTLS/library/md.c:140:26:mbedtls_md_info_from_type	0	static
../Middlewares/Third_Party/mbedTLS/library/md.c:256:6:mbedtls_md_init	0	static
../Middlewares/Third_Party/mbedTLS/library/md.c:262:6:mbedtls_md_free	8	static
../Middlewares/Third_Party/mbedTLS/library/md.c:335:5:mbedtls_md_clone	8	static
../Middlewares/Third_Party/mbedTLS/library/md.c:419:5:mbedtls_md_setup	16	static
../Middlewares/Third_Party/mbedTLS/library/md.c:511:5:mbedtls_md_starts	0	static
../Middlewares/Third_Party/mbedTLS/library/md.c:572:5:mbedtls_md_update	4	static
../Middlewares/Third_Party/mbedTLS/library/md.c:628:5:mbedtls_md_finish	4	static
../Middlewares/Third_Party/mbedTLS/library/md.c:686:5:mbedtls_md	24	static
../Middlewares/Third_Party/mbedTLS/library/md.c:747:15:mbedtls_md_get_size	0	static
../Middlewares/Third_Party/mbedTLS/library/md.c:756:19:mbedtls_md_get_type	0	static
../Middlewares/Third_Party/mbedTLS/library/md.c:831:12:mbedtls_md_list	0	static
../Middlewares/Third_Party/mbedTLS/library/md.c:879:26:mbedtls_md_info_from_string	16	static
../Middlewares/Third_Party/mbedTLS/library/md.c:894:13:mbedtls_md_get_name	0	static
../Middlewares/Third_Party/mbedTLS/library/md.c:909:26:mbedtls_md_info_from_ctx	0	static
../Middlewares/Third_Party/mbedTLS/library/md.c:970:5:mbedtls_md_hmac_starts	88	static
../Middlewares/Third_Party/mbedTLS/library/md.c:1018:5:mbedtls_md_hmac_update	4	static
../Middlewares/Third_Party/mbedTLS/library/md.c:1027:5:mbedtls_md_hmac_finish	88	static
../Middlewares/Third_Party/mbedTLS/library/md.c:1056:5:mbedtls_md_hmac_reset	16	static
../Middlewares/Third_Party/mbedTLS/library/md.c:1073:5:mbedtls_md_hmac	40	static
