../Middlewares/Third_Party/mbedTLS/library/md5.c:27:6:mbedtls_md5_init	0	static
../Middlewares/Third_Party/mbedTLS/library/md5.c:32:6:mbedtls_md5_free	0	static
../Middlewares/Third_Party/mbedTLS/library/md5.c:41:6:mbedtls_md5_clone	8	static
../Middlewares/Third_Party/mbedTLS/library/md5.c:50:5:mbedtls_md5_starts	0	static
../Middlewares/Third_Party/mbedTLS/library/md5.c:64:5:mbedtls_internal_md5_process	168	static
../Middlewares/Third_Party/mbedTLS/library/md5.c:203:5:mbedtls_md5_update	32	static
../Middlewares/Third_Party/mbedTLS/library/md5.c:255:5:mbedtls_md5_finish	24	static
../Middlewares/Third_Party/mbedTLS/library/md5.c:317:5:mbedtls_md5	104	static
../Middlewares/Third_Party/mbedTLS/library/md5.c:385:5:mbedtls_md5_self_test	56	static
