../Middlewares/Third_Party/mbedTLS/library/oid.c:990:12:oid_parse_number	20	static
../Middlewares/Third_Party/mbedTLS/library/oid.c:1020:12:oid_subidentifier_encode_into	16	static
../Middlewares/Third_Party/mbedTLS/library/oid.c:473:1:oid_sig_alg_from_asn1.part.0	16	static
../Middlewares/Third_Party/mbedTLS/library/oid.c:259:1:mbedtls_oid_get_attr_short_name	16	static
../Middlewares/Third_Party/mbedTLS/library/oid.c:328:1:mbedtls_oid_get_x509_ext_type	16	static
../Middlewares/Third_Party/mbedTLS/library/oid.c:350:1:mbedtls_oid_get_extended_key_usage	16	static
../Middlewares/Third_Party/mbedTLS/library/oid.c:363:1:mbedtls_oid_get_certificate_policies	16	static
../Middlewares/Third_Party/mbedTLS/library/oid.c:476:1:mbedtls_oid_get_sig_alg_desc	8	static
../Middlewares/Third_Party/mbedTLS/library/oid.c:483:1:mbedtls_oid_get_sig_alg	16	static
../Middlewares/Third_Party/mbedTLS/library/oid.c:490:1:mbedtls_oid_get_oid_by_sig_alg	16	static
../Middlewares/Third_Party/mbedTLS/library/oid.c:527:1:mbedtls_oid_get_pk_alg	16	static
../Middlewares/Third_Party/mbedTLS/library/oid.c:528:1:mbedtls_oid_get_oid_by_pk_alg	12	static
../Middlewares/Third_Party/mbedTLS/library/oid.c:618:1:mbedtls_oid_get_ec_grp	16	static
../Middlewares/Third_Party/mbedTLS/library/oid.c:619:1:mbedtls_oid_get_oid_by_ec_grp	12	static
../Middlewares/Third_Party/mbedTLS/library/oid.c:655:1:mbedtls_oid_get_ec_grp_algid	16	static
../Middlewares/Third_Party/mbedTLS/library/oid.c:660:1:mbedtls_oid_get_oid_by_ec_grp_algid	12	static
../Middlewares/Third_Party/mbedTLS/library/oid.c:705:1:mbedtls_oid_get_cipher_alg	16	static
../Middlewares/Third_Party/mbedTLS/library/oid.c:795:1:mbedtls_oid_get_md_alg	16	static
../Middlewares/Third_Party/mbedTLS/library/oid.c:796:1:mbedtls_oid_get_oid_by_md	12	static
../Middlewares/Third_Party/mbedTLS/library/oid.c:879:1:mbedtls_oid_get_md_hmac	16	static
../Middlewares/Third_Party/mbedTLS/library/oid.c:912:1:mbedtls_oid_get_pkcs12_pbe_alg	24	static
../Middlewares/Third_Party/mbedTLS/library/oid.c:922:5:mbedtls_oid_get_numeric_string	40	static
../Middlewares/Third_Party/mbedTLS/library/oid.c:1042:5:mbedtls_oid_from_numeric_string	56	static
