../Middlewares/Third_Party/mbedTLS/library/pem.c:47:12:pem_get_iv	16	static
../Middlewares/Third_Party/mbedTLS/library/pem.c:75:12:pem_pbkdf1	64	static
../Middlewares/Third_Party/mbedTLS/library/pem.c:183:12:pem_des3_decrypt	448	static
../Middlewares/Third_Party/mbedTLS/library/pem.c:215:12:pem_aes_decrypt	344	static
../Middlewares/Third_Party/mbedTLS/library/pem.c:38:6:mbedtls_pem_init	0	static
../Middlewares/Third_Party/mbedTLS/library/pem.c:271:5:mbedtls_pem_read_buffer	216	static
../Middlewares/Third_Party/mbedTLS/library/pem.c:485:6:mbedtls_pem_free	8	static
../Middlewares/Third_Party/mbedTLS/library/pem.c:501:5:mbedtls_pem_write_buffer	56	static
