../Middlewares/Third_Party/mbedTLS/library/pk.c:1001:19:pk_hashlen_helper	8	static
../Middlewares/Third_Party/mbedTLS/library/pk.c:42:6:mbedtls_pk_init	0	static
../Middlewares/Third_Party/mbedTLS/library/pk.c:60:6:mbedtls_pk_free	8	static
../Middlewares/Third_Party/mbedTLS/library/pk.c:111:26:mbedtls_pk_info_from_type	0	static
../Middlewares/Third_Party/mbedTLS/library/pk.c:137:5:mbedtls_pk_setup	16	static
../Middlewares/Third_Party/mbedTLS/library/pk.c:196:5:mbedtls_pk_setup_rsa_alt	32	static
../Middlewares/Third_Party/mbedTLS/library/pk.c:228:5:mbedtls_pk_can_do	0	static
../Middlewares/Third_Party/mbedTLS/library/pk.c:1046:5:mbedtls_pk_verify_restartable	40	static
../Middlewares/Third_Party/mbedTLS/library/pk.c:1096:5:mbedtls_pk_verify	24	static
../Middlewares/Third_Party/mbedTLS/library/pk.c:1237:5:mbedtls_pk_sign_restartable	56	static
../Middlewares/Third_Party/mbedTLS/library/pk.c:1291:5:mbedtls_pk_sign	32	static
../Middlewares/Third_Party/mbedTLS/library/pk.c:1382:5:mbedtls_pk_decrypt	16	static
../Middlewares/Third_Party/mbedTLS/library/pk.c:1402:5:mbedtls_pk_encrypt	16	static
../Middlewares/Third_Party/mbedTLS/library/pk.c:1422:5:mbedtls_pk_check_pair	16	static
../Middlewares/Third_Party/mbedTLS/library/pk.c:1459:8:mbedtls_pk_get_bitlen	0	static
../Middlewares/Third_Party/mbedTLS/library/pk.c:1473:5:mbedtls_pk_debug	8	static
../Middlewares/Third_Party/mbedTLS/library/pk.c:1490:13:mbedtls_pk_get_name	0	static
../Middlewares/Third_Party/mbedTLS/library/pk.c:1502:19:mbedtls_pk_get_type	0	static
../Middlewares/Third_Party/mbedTLS/library/pk.c:642:12:import_pair_into_psa.constprop	2408	static
../Middlewares/Third_Party/mbedTLS/library/pk.c:736:12:import_public_into_psa.constprop	1080	static
../Middlewares/Third_Party/mbedTLS/library/pk.c:839:5:mbedtls_pk_import_into_psa	16	static
../Middlewares/Third_Party/mbedTLS/library/pk.c:1107:5:mbedtls_pk_verify_ext	64	static
../Middlewares/Third_Party/mbedTLS/library/pk.c:401:5:mbedtls_pk_get_psa_attributes	40	static
../Middlewares/Third_Party/mbedTLS/library/pk.c:1304:5:mbedtls_pk_sign_ext	72	static
../Middlewares/Third_Party/mbedTLS/library/pk.c:861:12:copy_from_psa	2432	static
../Middlewares/Third_Party/mbedTLS/library/pk.c:985:5:mbedtls_pk_copy_from_psa	0	static
../Middlewares/Third_Party/mbedTLS/library/pk.c:991:5:mbedtls_pk_copy_public_from_psa	0	static
