../Middlewares/Third_Party/mbedTLS/library/pk_wrap.c:52:12:rsa_can_do	0	static
../Middlewares/Third_Party/mbedTLS/library/pk_wrap.c:471:13:rsa_debug	0	static
../Middlewares/Third_Party/mbedTLS/library/pk_wrap.c:518:12:eckey_can_do	0	static
../Middlewares/Third_Party/mbedTLS/library/pk_wrap.c:525:15:eckey_get_bitlen	0	static
../Middlewares/Third_Party/mbedTLS/library/pk_wrap.c:1099:13:eckey_debug	0	static
../Middlewares/Third_Party/mbedTLS/library/pk_wrap.c:1150:12:eckeydh_can_do	0	static
../Middlewares/Third_Party/mbedTLS/library/pk_wrap.c:1181:12:ecdsa_can_do	0	static
../Middlewares/Third_Party/mbedTLS/library/pk_wrap.c:1279:12:rsa_alt_can_do	0	static
../Middlewares/Third_Party/mbedTLS/library/pk_wrap.c:1284:15:rsa_alt_get_bitlen	8	static
../Middlewares/Third_Party/mbedTLS/library/pk_wrap.c:1291:12:rsa_alt_sign_wrap	40	static
../Middlewares/Third_Party/mbedTLS/library/pk_wrap.c:1316:12:rsa_alt_decrypt_wrap	32	static
../Middlewares/Third_Party/mbedTLS/library/pk_wrap.c:465:13:rsa_free_wrap	8	static
../Middlewares/Third_Party/mbedTLS/library/pk_wrap.c:1366:14:rsa_alt_alloc_wrap	0	static
../Middlewares/Third_Party/mbedTLS/library/pk_wrap.c:454:14:rsa_alloc_wrap	8	static
../Middlewares/Third_Party/mbedTLS/library/pk_wrap.c:444:12:rsa_check_pair_wrap	0	static
../Middlewares/Third_Party/mbedTLS/library/pk_wrap.c:427:12:rsa_encrypt_wrap	40	static
../Middlewares/Third_Party/mbedTLS/library/pk_wrap.c:345:12:rsa_decrypt_wrap	40	static
../Middlewares/Third_Party/mbedTLS/library/pk_wrap.c:254:12:rsa_sign_wrap	40	static
../Middlewares/Third_Party/mbedTLS/library/pk_wrap.c:130:12:rsa_verify_wrap	40	static
../Middlewares/Third_Party/mbedTLS/library/pk_wrap.c:58:15:rsa_get_bitlen	0	static
../Middlewares/Third_Party/mbedTLS/library/pk_wrap.c:1092:13:eckey_free_wrap	8	static
../Middlewares/Third_Party/mbedTLS/library/pk_wrap.c:1081:14:eckey_alloc_wrap	8	static
../Middlewares/Third_Party/mbedTLS/library/pk_wrap.c:1028:12:eckey_check_pair_wrap	0	static
../Middlewares/Third_Party/mbedTLS/library/pk_wrap.c:809:12:ecdsa_sign_wrap	0	static
../Middlewares/Third_Party/mbedTLS/library/pk_wrap.c:671:12:ecdsa_verify_wrap	16	static
../Middlewares/Third_Party/mbedTLS/library/pk_wrap.c:1377:13:rsa_alt_free_wrap	0	static
../Middlewares/Third_Party/mbedTLS/library/pk_wrap.c:1335:12:rsa_alt_check_pair	1120	static
