../Middlewares/Third_Party/mbedTLS/library/psa_crypto_ffdh.c:30:21:mbedtls_psa_ffdh_set_prime_generator	16	static
../Middlewares/Third_Party/mbedTLS/library/psa_crypto_ffdh.c:143:14:mbedtls_psa_ffdh_export_public_key	72	static
../Middlewares/Third_Party/mbedTLS/library/psa_crypto_ffdh.c:201:14:mbedtls_psa_ffdh_generate_key	48	static
../Middlewares/Third_Party/mbedTLS/library/psa_crypto_ffdh.c:237:14:mbedtls_psa_ffdh_import_key	8	static
../Middlewares/Third_Party/mbedTLS/library/psa_crypto_ffdh.c:257:14:mbedtls_psa_ffdh_key_agreement	72	static
