../Middlewares/Third_Party/mbedTLS/library/psa_crypto_hash.c:21:14:mbedtls_psa_hash_abort	8	static
../Middlewares/Third_Party/mbedTLS/library/psa_crypto_hash.c:91:14:mbedtls_psa_hash_setup	24	static
../Middlewares/Third_Party/mbedTLS/library/psa_crypto_hash.c:182:14:mbedtls_psa_hash_clone	16	static
../Middlewares/Third_Party/mbedTLS/library/psa_crypto_hash.c:261:14:mbedtls_psa_hash_update	8	static
../Middlewares/Third_Party/mbedTLS/library/psa_crypto_hash.c:340:14:mbedtls_psa_hash_finish	24	static
../Middlewares/Third_Party/mbedTLS/library/psa_crypto_hash.c:433:14:mbedtls_psa_hash_compute	256	static
