../Middlewares/Third_Party/mbedTLS/library/psa_crypto.c:89:12:key_type_is_raw_bytes	0	static
../Middlewares/Third_Party/mbedTLS/library/psa_crypto.c:304:12:psa_is_dh_key_size_valid	0	static
../Middlewares/Third_Party/mbedTLS/library/psa_crypto.c:682:38:psa_mac_key_can_do	0	static
../Middlewares/Third_Party/mbedTLS/library/psa_crypto.c:840:24:psa_key_policy_algorithm_intersection	16	static
../Middlewares/Third_Party/mbedTLS/library/psa_crypto.c:939:12:psa_key_algorithm_permits	24	static
../Middlewares/Third_Party/mbedTLS/library/psa_crypto.c:3051:21:psa_sign_verify_check_alg	8	static
../Middlewares/Third_Party/mbedTLS/library/psa_crypto.c:4957:21:psa_aead_check_algorithm	8	static
../Middlewares/Third_Party/mbedTLS/library/psa_crypto.c:8955:38:convert_jpake_computation_stage_to_driver_step	0	static
../Middlewares/Third_Party/mbedTLS/library/psa_crypto.c:9026:21:psa_jpake_prologue	0	static
../Middlewares/Third_Party/mbedTLS/library/psa_crypto.c:7180:21:psa_tls12_prf_set_key	16	static
../Middlewares/Third_Party/mbedTLS/library/psa_crypto.c:7227:21:psa_tls12_prf_input	16	static
../Middlewares/Third_Party/mbedTLS/library/psa_crypto.c:6380:13:psa_des_set_key_parity	16	static
../Middlewares/Third_Party/mbedTLS/library/psa_crypto.c:8982:21:psa_pake_complete_inputs	88	static
../Middlewares/Third_Party/mbedTLS/library/psa_crypto.c:4912:21:psa_aead_check_nonce_length	0	static
../Middlewares/Third_Party/mbedTLS/library/psa_crypto.c:5551:21:psa_aead_final_checks	0	static
../Middlewares/Third_Party/mbedTLS/library/psa_crypto.c:593:13:psa_wipe_tag_output_buffer	0	static
../Middlewares/Third_Party/mbedTLS/library/psa_crypto.c:1119:21:psa_get_and_lock_key_slot_with_policy	32	static
../Middlewares/Third_Party/mbedTLS/library/psa_crypto.c:5706:21:psa_key_derivation_start_hmac	56	static
../Middlewares/Third_Party/mbedTLS/library/psa_crypto.c:5744:24:psa_key_derivation_get_kdf_alg.isra	0	static
../Middlewares/Third_Party/mbedTLS/library/psa_crypto.c:2662:21:psa_mac_finalize_alg_and_key_validation.isra	16	static
../Middlewares/Third_Party/mbedTLS/library/psa_crypto.c:2919:21:psa_mac_compute_internal	72	static
../Middlewares/Third_Party/mbedTLS/library/psa_crypto.c:1800:21:psa_start_key_creation.constprop	32	static
../Middlewares/Third_Party/mbedTLS/library/psa_crypto.c:287:5:psa_can_do_hash	0	static
../Middlewares/Third_Party/mbedTLS/library/psa_crypto.c:293:5:psa_can_do_cipher	0	static
../Middlewares/Third_Party/mbedTLS/library/psa_crypto.c:335:14:mbedtls_to_psa_error	0	static
../Middlewares/Third_Party/mbedTLS/library/psa_crypto.c:4414:21:psa_generate_random_internal	24	static
../Middlewares/Third_Party/mbedTLS/library/psa_crypto.c:612:14:psa_validate_unstructured_key_bit_size	0	static
../Middlewares/Third_Party/mbedTLS/library/psa_crypto.c:708:14:psa_allocate_buffer_to_slot	16	static
../Middlewares/Third_Party/mbedTLS/library/psa_crypto.c:736:14:psa_copy_key_material_into_slot	24	static
../Middlewares/Third_Party/mbedTLS/library/psa_crypto.c:750:14:psa_import_key_into_slot	40	static
../Middlewares/Third_Party/mbedTLS/library/psa_crypto.c:1206:14:psa_remove_key_data_from_memory	8	static
../Middlewares/Third_Party/mbedTLS/library/psa_crypto.c:1227:14:psa_wipe_key_slot	16	static
../Middlewares/Third_Party/mbedTLS/library/psa_crypto.c:1299:14:psa_destroy_key	16	static
../Middlewares/Third_Party/mbedTLS/library/psa_crypto.c:1449:14:psa_get_key_attributes	24	static
../Middlewares/Third_Party/mbedTLS/library/psa_crypto.c:1504:14:psa_export_key_internal	16	static
../Middlewares/Third_Party/mbedTLS/library/psa_crypto.c:1574:14:psa_export_public_key_internal	32	static
../Middlewares/Third_Party/mbedTLS/library/psa_crypto.c:2235:14:psa_copy_key	80	static
../Middlewares/Third_Party/mbedTLS/library/psa_crypto.c:2398:14:psa_hash_abort	8	static
../Middlewares/Third_Party/mbedTLS/library/psa_crypto.c:2411:14:psa_hash_setup	16	static
../Middlewares/Third_Party/mbedTLS/library/psa_crypto.c:6931:21:psa_key_derivation_setup_kdf	256	static
../Middlewares/Third_Party/mbedTLS/library/psa_crypto.c:2618:14:psa_hash_clone	16	static
../Middlewares/Third_Party/mbedTLS/library/psa_crypto.c:2647:14:psa_mac_abort	8	static
../Middlewares/Third_Party/mbedTLS/library/psa_crypto.c:2715:21:psa_mac_setup	48	static
../Middlewares/Third_Party/mbedTLS/library/psa_crypto.c:2778:14:psa_mac_sign_setup	0	static
../Middlewares/Third_Party/mbedTLS/library/psa_crypto.c:2785:14:psa_mac_verify_setup	0	static
../Middlewares/Third_Party/mbedTLS/library/psa_crypto.c:3331:14:psa_sign_hash_builtin	36	static
../Middlewares/Third_Party/mbedTLS/library/psa_crypto.c:3212:14:psa_sign_message_builtin	120	static
../Middlewares/Third_Party/mbedTLS/library/psa_crypto.c:3101:21:psa_sign_internal	72	static
../Middlewares/Third_Party/mbedTLS/library/psa_crypto.c:3405:14:psa_verify_hash_builtin	36	static
../Middlewares/Third_Party/mbedTLS/library/psa_crypto.c:3272:14:psa_verify_message_builtin	112	static
../Middlewares/Third_Party/mbedTLS/library/psa_crypto.c:3601:6:psa_interruptible_set_max_ops	0	static
../Middlewares/Third_Party/mbedTLS/library/psa_crypto.c:3606:10:psa_interruptible_get_max_ops	0	static
../Middlewares/Third_Party/mbedTLS/library/psa_crypto.c:3611:10:psa_sign_hash_get_num_ops	0	static
../Middlewares/Third_Party/mbedTLS/library/psa_crypto.c:3617:10:psa_verify_hash_get_num_ops	0	static
../Middlewares/Third_Party/mbedTLS/library/psa_crypto.c:3771:14:psa_sign_hash_abort	0	static
../Middlewares/Third_Party/mbedTLS/library/psa_crypto.c:3884:14:psa_verify_hash_complete	0	static
../Middlewares/Third_Party/mbedTLS/library/psa_crypto.c:3915:14:psa_verify_hash_abort	0	static
../Middlewares/Third_Party/mbedTLS/library/psa_crypto.c:3937:6:mbedtls_psa_interruptible_set_max_ops	0	static
../Middlewares/Third_Party/mbedTLS/library/psa_crypto.c:3958:10:mbedtls_psa_sign_hash_get_num_ops	0	static
../Middlewares/Third_Party/mbedTLS/library/psa_crypto.c:3974:10:mbedtls_psa_verify_hash_get_num_ops	0	static
../Middlewares/Third_Party/mbedTLS/library/psa_crypto.c:4018:14:mbedtls_psa_sign_hash_start	0	static
../Middlewares/Third_Party/mbedTLS/library/psa_crypto.c:4096:14:mbedtls_psa_sign_hash_complete	0	static
../Middlewares/Third_Party/mbedTLS/library/psa_crypto.c:4204:14:mbedtls_psa_sign_hash_abort	0	static
../Middlewares/Third_Party/mbedTLS/library/psa_crypto.c:4235:14:mbedtls_psa_verify_hash_start	0	static
../Middlewares/Third_Party/mbedTLS/library/psa_crypto.c:4344:14:mbedtls_psa_verify_hash_complete	0	static
../Middlewares/Third_Party/mbedTLS/library/psa_crypto.c:4381:14:mbedtls_psa_verify_hash_abort	0	static
../Middlewares/Third_Party/mbedTLS/library/psa_crypto.c:4745:14:psa_cipher_abort	8	static
../Middlewares/Third_Party/mbedTLS/library/psa_crypto.c:4464:21:psa_cipher_setup	48	static
../Middlewares/Third_Party/mbedTLS/library/psa_crypto.c:4537:14:psa_cipher_encrypt_setup	0	static
../Middlewares/Third_Party/mbedTLS/library/psa_crypto.c:4544:14:psa_cipher_decrypt_setup	0	static
../Middlewares/Third_Party/mbedTLS/library/psa_crypto.c:5662:14:psa_aead_abort	16	static
../Middlewares/Third_Party/mbedTLS/library/psa_crypto.c:5142:21:psa_aead_setup	48	static
../Middlewares/Third_Party/mbedTLS/library/psa_crypto.c:5225:14:psa_aead_encrypt_setup	0	static
../Middlewares/Third_Party/mbedTLS/library/psa_crypto.c:5233:14:psa_aead_decrypt_setup	0	static
../Middlewares/Third_Party/mbedTLS/library/psa_crypto.c:5240:21:psa_aead_set_nonce_internal	16	static
../Middlewares/Third_Party/mbedTLS/library/psa_crypto.c:5361:14:psa_aead_set_lengths	24	static
../Middlewares/Third_Party/mbedTLS/library/psa_crypto.c:5754:14:psa_key_derivation_abort	16	static
../Middlewares/Third_Party/mbedTLS/library/psa_crypto.c:5824:14:psa_key_derivation_get_capacity	0	static
../Middlewares/Third_Party/mbedTLS/library/psa_crypto.c:5836:14:psa_key_derivation_set_capacity	0	static
../Middlewares/Third_Party/mbedTLS/library/psa_crypto.c:6693:5:psa_custom_key_parameters_are_default	0	static
../Middlewares/Third_Party/mbedTLS/library/psa_crypto.c:6978:14:psa_key_derivation_setup	16	static
../Middlewares/Third_Party/mbedTLS/library/psa_crypto.c:7725:14:psa_key_derivation_input_integer	8	static
../Middlewares/Third_Party/mbedTLS/library/psa_crypto.c:7772:14:psa_key_agreement_raw_builtin	32	static
../Middlewares/Third_Party/mbedTLS/library/psa_crypto.c:7824:21:psa_key_agreement_raw_internal	40	static
../Middlewares/Third_Party/mbedTLS/library/psa_crypto.c:8173:14:psa_generate_key_internal	32	static
../Middlewares/Third_Party/mbedTLS/library/psa_crypto.c:8236:14:psa_generate_key_custom	72	static
../Middlewares/Third_Party/mbedTLS/library/psa_crypto.c:8327:14:psa_generate_key_ext	16	static
../Middlewares/Third_Party/mbedTLS/library/psa_crypto.c:8339:14:psa_generate_key	16	static
../Middlewares/Third_Party/mbedTLS/library/psa_crypto.c:8355:14:mbedtls_psa_crypto_configure_entropy_sources	0	static
../Middlewares/Third_Party/mbedTLS/library/psa_crypto.c:8381:6:mbedtls_psa_crypto_free	8	static
../Middlewares/Third_Party/mbedTLS/library/psa_crypto.c:8589:14:psa_crypto_init	32	static
../Middlewares/Third_Party/mbedTLS/library/psa_crypto.c:8632:14:psa_crypto_driver_pake_get_password_len	0	static
../Middlewares/Third_Party/mbedTLS/library/psa_crypto.c:8645:14:psa_crypto_driver_pake_get_password	16	static
../Middlewares/Third_Party/mbedTLS/library/psa_crypto.c:8663:14:psa_crypto_driver_pake_get_user_len	0	static
../Middlewares/Third_Party/mbedTLS/library/psa_crypto.c:8676:14:psa_crypto_driver_pake_get_user	16	static
../Middlewares/Third_Party/mbedTLS/library/psa_crypto.c:8694:14:psa_crypto_driver_pake_get_peer_len	0	static
../Middlewares/Third_Party/mbedTLS/library/psa_crypto.c:8707:14:psa_crypto_driver_pake_get_peer	16	static
../Middlewares/Third_Party/mbedTLS/library/psa_crypto.c:8725:14:psa_crypto_driver_pake_get_cipher_suite	0	static
../Middlewares/Third_Party/mbedTLS/library/psa_crypto.c:9305:14:psa_pake_abort	16	static
../Middlewares/Third_Party/mbedTLS/library/psa_crypto.c:8738:14:psa_pake_setup	24	static
../Middlewares/Third_Party/mbedTLS/library/psa_crypto.c:8788:14:psa_pake_set_password_key	32	static
../Middlewares/Third_Party/mbedTLS/library/psa_crypto.c:8923:14:psa_pake_set_role	8	static
../Middlewares/Third_Party/mbedTLS/library/psa_crypto.c:9421:14:psa_crypto_local_input_alloc	24	static
../Middlewares/Third_Party/mbedTLS/library/psa_crypto.c:9457:6:psa_crypto_local_input_free	8	static
../Middlewares/Third_Party/mbedTLS/library/psa_crypto.c:2096:14:psa_import_key	72	static
../Middlewares/Third_Party/mbedTLS/library/psa_crypto.c:2444:14:psa_hash_update	24	static
../Middlewares/Third_Party/mbedTLS/library/psa_crypto.c:2511:14:psa_hash_verify	104	static
../Middlewares/Third_Party/mbedTLS/library/psa_crypto.c:2575:14:psa_hash_compare	120	static
../Middlewares/Third_Party/mbedTLS/library/psa_crypto.c:2792:14:psa_mac_update	24	static
../Middlewares/Third_Party/mbedTLS/library/psa_crypto.c:2885:14:psa_mac_verify_finish	24	static
../Middlewares/Third_Party/mbedTLS/library/psa_crypto.c:3006:14:psa_mac_verify	136	static
../Middlewares/Third_Party/mbedTLS/library/psa_crypto.c:3306:14:psa_verify_message	72	static
../Middlewares/Third_Party/mbedTLS/library/psa_crypto.c:3452:14:psa_verify_hash	72	static
../Middlewares/Third_Party/mbedTLS/library/psa_crypto.c:3646:14:psa_sign_hash_start	48	static
../Middlewares/Third_Party/mbedTLS/library/psa_crypto.c:3811:14:psa_verify_hash_start	56	static
../Middlewares/Third_Party/mbedTLS/library/psa_crypto.c:4608:14:psa_cipher_set_iv	24	static
../Middlewares/Third_Party/mbedTLS/library/psa_crypto.c:5339:14:psa_aead_set_nonce	24	static
../Middlewares/Third_Party/mbedTLS/library/psa_crypto.c:5426:14:psa_aead_update_ad	24	static
../Middlewares/Third_Party/mbedTLS/library/psa_crypto.c:8835:14:psa_pake_set_user	24	static
../Middlewares/Third_Party/mbedTLS/library/psa_crypto.c:8879:14:psa_pake_set_peer	24	static
../Middlewares/Third_Party/mbedTLS/library/psa_crypto.c:9179:14:psa_pake_input	40	static
../Middlewares/Third_Party/mbedTLS/library/psa_crypto.c:9464:14:psa_crypto_local_output_alloc	24	static
../Middlewares/Third_Party/mbedTLS/library/psa_crypto.c:9484:14:psa_crypto_local_output_free	8	static
../Middlewares/Third_Party/mbedTLS/library/psa_crypto.c:1526:14:psa_export_key	40	static
../Middlewares/Third_Party/mbedTLS/library/psa_crypto.c:1641:14:psa_export_public_key	40	static
../Middlewares/Third_Party/mbedTLS/library/psa_crypto.c:2493:14:psa_hash_finish	40	static
../Middlewares/Third_Party/mbedTLS/library/psa_crypto.c:2548:14:psa_hash_compute	64	static
../Middlewares/Third_Party/mbedTLS/library/psa_crypto.c:2826:14:psa_mac_sign_finish	40	static
../Middlewares/Third_Party/mbedTLS/library/psa_crypto.c:5944:21:psa_key_derivation_tls12_prf_generate_next_block	432	static
../Middlewares/Third_Party/mbedTLS/library/psa_crypto.c:7604:21:psa_key_derivation_input_internal	56	static
../Middlewares/Third_Party/mbedTLS/library/psa_crypto.c:7704:14:psa_key_derivation_input_bytes	40	static
../Middlewares/Third_Party/mbedTLS/library/psa_crypto.c:9256:14:psa_pake_get_implicit_key	360	static
../Middlewares/Third_Party/mbedTLS/library/psa_crypto.c:7733:14:psa_key_derivation_input_key	32	static
../Middlewares/Third_Party/mbedTLS/library/psa_crypto.c:7848:21:psa_key_agreement_internal	1080	static
../Middlewares/Third_Party/mbedTLS/library/psa_crypto.c:7883:14:psa_key_derivation_key_agreement	48	static
../Middlewares/Third_Party/mbedTLS/library/psa_crypto.c:2979:14:psa_mac_compute	72	static
../Middlewares/Third_Party/mbedTLS/library/psa_crypto.c:3247:14:psa_sign_message	72	static
../Middlewares/Third_Party/mbedTLS/library/psa_crypto.c:3379:14:psa_sign_hash	72	static
../Middlewares/Third_Party/mbedTLS/library/psa_crypto.c:3477:14:psa_asymmetric_encrypt	104	static
../Middlewares/Third_Party/mbedTLS/library/psa_crypto.c:3536:14:psa_asymmetric_decrypt	104	static
../Middlewares/Third_Party/mbedTLS/library/psa_crypto.c:3717:14:psa_sign_hash_complete	40	static
../Middlewares/Third_Party/mbedTLS/library/psa_crypto.c:4551:14:psa_cipher_generate_iv	40	static
../Middlewares/Third_Party/mbedTLS/library/psa_crypto.c:4649:14:psa_cipher_update	64	static
../Middlewares/Third_Party/mbedTLS/library/psa_crypto.c:4692:14:psa_cipher_finish	40	static,ignoring_inline_asm
../Middlewares/Third_Party/mbedTLS/library/psa_crypto.c:4763:14:psa_cipher_encrypt	112	static
../Middlewares/Third_Party/mbedTLS/library/psa_crypto.c:4840:14:psa_cipher_decrypt	80	static,ignoring_inline_asm
../Middlewares/Third_Party/mbedTLS/library/psa_crypto.c:4966:14:psa_aead_encrypt	120	static
../Middlewares/Third_Party/mbedTLS/library/psa_crypto.c:5032:14:psa_aead_decrypt	120	static
../Middlewares/Third_Party/mbedTLS/library/psa_crypto.c:5276:14:psa_aead_generate_nonce	64	static
../Middlewares/Third_Party/mbedTLS/library/psa_crypto.c:5483:14:psa_aead_update	64	static
../Middlewares/Third_Party/mbedTLS/library/psa_crypto.c:5566:14:psa_aead_finish	80	static
../Middlewares/Third_Party/mbedTLS/library/psa_crypto.c:5620:14:psa_aead_verify	96	static
../Middlewares/Third_Party/mbedTLS/library/psa_crypto.c:6288:14:psa_key_derivation_output_bytes	88	static
../Middlewares/Third_Party/mbedTLS/library/psa_crypto.c:6706:14:psa_key_derivation_output_key_custom	200	static
../Middlewares/Third_Party/mbedTLS/library/psa_crypto.c:6762:14:psa_key_derivation_output_key_ext	16	static
../Middlewares/Third_Party/mbedTLS/library/psa_crypto.c:6776:14:psa_key_derivation_output_key	16	static
../Middlewares/Third_Party/mbedTLS/library/psa_crypto.c:7927:14:psa_raw_key_agreement	80	static
../Middlewares/Third_Party/mbedTLS/library/psa_crypto.c:8076:14:psa_generate_random	32	static
../Middlewares/Third_Party/mbedTLS/library/psa_crypto.c:9102:14:psa_pake_output	64	static
