../Middlewares/Third_Party/mbedTLS/library/psa_crypto_aead.c:26:21:psa_aead_setup.constprop	48	static
../Middlewares/Third_Party/mbedTLS/library/psa_crypto_aead.c:321:14:mbedtls_psa_aead_encrypt_setup	8	static
../Middlewares/Third_Party/mbedTLS/library/psa_crypto_aead.c:342:14:mbedtls_psa_aead_decrypt_setup	8	static
../Middlewares/Third_Party/mbedTLS/library/psa_crypto_aead.c:362:14:mbedtls_psa_aead_set_nonce	16	static
../Middlewares/Third_Party/mbedTLS/library/psa_crypto_aead.c:420:14:mbedtls_psa_aead_set_lengths	8	static
../Middlewares/Third_Party/mbedTLS/library/psa_crypto_aead.c:444:14:mbedtls_psa_aead_update_ad	8	static
../Middlewares/Third_Party/mbedTLS/library/psa_crypto_aead.c:484:14:mbedtls_psa_aead_update	40	static
../Middlewares/Third_Party/mbedTLS/library/psa_crypto_aead.c:549:14:mbedtls_psa_aead_finish	40	static
../Middlewares/Third_Party/mbedTLS/library/psa_crypto_aead.c:624:14:mbedtls_psa_aead_abort	8	static
../Middlewares/Third_Party/mbedTLS/library/psa_crypto_aead.c:117:14:mbedtls_psa_aead_encrypt	488	static
../Middlewares/Third_Party/mbedTLS/library/psa_crypto_aead.c:229:14:mbedtls_psa_aead_decrypt	480	static
