../Middlewares/Third_Party/mbedTLS/library/constant_time_impl.h:120:38:mbedtls_ct_bool	0	static,ignoring_inline_asm
C:/Users/My/STM32CubeIDE/workspace_1.13.2/MonSet/Middlewares/Third_Party/mbedTLS/include/mbedtls/md.h:246:29:mbedtls_md_get_size_from_type	8	static
../Middlewares/Third_Party/mbedTLS/library/rsa.c:1667:12:hash_mprime	48	static
../Middlewares/Third_Party/mbedTLS/library/rsa.c:2863:12:myrand	16	static
../Middlewares/Third_Party/mbedTLS/library/rsa.c:62:12:asn1_get_nonzero_mpi	16	static
../Middlewares/Third_Party/mbedTLS/library/rsa.c:2786:6:mbedtls_rsa_free.part.0	8	static
../Middlewares/Third_Party/mbedTLS/library/rsa.c:639:12:rsa_check_context.constprop	24	static
../Middlewares/Third_Party/mbedTLS/library/rsa.c:573:5:mbedtls_rsa_import	32	static
../Middlewares/Third_Party/mbedTLS/library/rsa.c:595:5:mbedtls_rsa_import_raw	32	static
../Middlewares/Third_Party/mbedTLS/library/rsa.c:723:5:mbedtls_rsa_complete	88	static
../Middlewares/Third_Party/mbedTLS/library/rsa.c:821:5:mbedtls_rsa_export_raw	56	static
../Middlewares/Third_Party/mbedTLS/library/rsa.c:873:5:mbedtls_rsa_export	32	static
../Middlewares/Third_Party/mbedTLS/library/rsa.c:379:5:mbedtls_rsa_write_pubkey	48	static
../Middlewares/Third_Party/mbedTLS/library/rsa.c:916:5:mbedtls_rsa_export_crt	24	static
../Middlewares/Third_Party/mbedTLS/library/rsa.c:287:5:mbedtls_rsa_write_key	48	static
../Middlewares/Third_Party/mbedTLS/library/rsa.c:954:6:mbedtls_rsa_init	0	static
../Middlewares/Third_Party/mbedTLS/library/rsa.c:972:5:mbedtls_rsa_set_padding	16	static
../Middlewares/Third_Party/mbedTLS/library/rsa.c:1008:5:mbedtls_rsa_get_padding_mode	0	static
../Middlewares/Third_Party/mbedTLS/library/rsa.c:1016:5:mbedtls_rsa_get_md_alg	0	static
../Middlewares/Third_Party/mbedTLS/library/rsa.c:1024:8:mbedtls_rsa_get_bitlen	0	static
../Middlewares/Third_Party/mbedTLS/library/rsa.c:1032:8:mbedtls_rsa_get_len	0	static
../Middlewares/Third_Party/mbedTLS/library/rsa.c:1159:5:mbedtls_rsa_check_pubkey	16	static
../Middlewares/Third_Party/mbedTLS/library/rsa.c:228:5:mbedtls_rsa_parse_pubkey	56	static
../Middlewares/Third_Party/mbedTLS/library/rsa.c:1181:5:mbedtls_rsa_check_privkey	40	static
../Middlewares/Third_Party/mbedTLS/library/rsa.c:1206:5:mbedtls_rsa_check_pub_priv	16	static
../Middlewares/Third_Party/mbedTLS/library/rsa.c:1225:5:mbedtls_rsa_public	48	static
../Middlewares/Third_Party/mbedTLS/library/rsa.c:1382:5:mbedtls_rsa_private	160	static
../Middlewares/Third_Party/mbedTLS/library/rsa.c:1591:5:mgf_mask	112	static
../Middlewares/Third_Party/mbedTLS/library/rsa.c:2085:12:rsa_rsassa_pss_sign_no_mode_check	72	static
../Middlewares/Third_Party/mbedTLS/library/rsa.c:1734:5:mbedtls_rsa_rsaes_oaep_encrypt	64	static
../Middlewares/Third_Party/mbedTLS/library/rsa.c:1806:5:mbedtls_rsa_rsaes_pkcs1_v15_encrypt	48	static
../Middlewares/Third_Party/mbedTLS/library/rsa.c:1860:5:mbedtls_rsa_pkcs1_encrypt	40	static
../Middlewares/Third_Party/mbedTLS/library/rsa.c:1889:5:mbedtls_rsa_rsaes_oaep_decrypt	1152	static,ignoring_inline_asm
../Middlewares/Third_Party/mbedTLS/library/rsa.c:2016:5:mbedtls_rsa_rsaes_pkcs1_v15_decrypt	1080	static,ignoring_inline_asm
../Middlewares/Third_Party/mbedTLS/library/rsa.c:2057:5:mbedtls_rsa_pkcs1_decrypt	48	static
../Middlewares/Third_Party/mbedTLS/library/rsa.c:2215:5:mbedtls_rsa_rsassa_pss_sign_no_mode_check	24	static
../Middlewares/Third_Party/mbedTLS/library/rsa.c:2231:5:mbedtls_rsa_rsassa_pss_sign_ext	16	static
../Middlewares/Third_Party/mbedTLS/library/rsa.c:2247:5:mbedtls_rsa_rsassa_pss_sign	24	static
../Middlewares/Third_Party/mbedTLS/library/rsa.c:2282:5:rsa_rsassa_pkcs1_v15_encode	40	static
../Middlewares/Third_Party/mbedTLS/library/rsa.c:2400:5:mbedtls_rsa_rsassa_pkcs1_v15_sign	48	static
../Middlewares/Third_Party/mbedTLS/library/rsa.c:2469:5:mbedtls_rsa_pkcs1_sign	16	static
../Middlewares/Third_Party/mbedTLS/library/rsa.c:2503:5:mbedtls_rsa_rsassa_pss_verify_ext	1144	static
../Middlewares/Third_Party/mbedTLS/library/rsa.c:2620:5:mbedtls_rsa_rsassa_pss_verify	32	static
../Middlewares/Third_Party/mbedTLS/library/rsa.c:2648:5:mbedtls_rsa_rsassa_pkcs1_v15_verify	40	static
../Middlewares/Third_Party/mbedTLS/library/rsa.c:2715:5:mbedtls_rsa_pkcs1_verify	8	static
../Middlewares/Third_Party/mbedTLS/library/rsa.c:2786:6:mbedtls_rsa_free	0	static
../Middlewares/Third_Party/mbedTLS/library/rsa.c:80:5:mbedtls_rsa_parse_key	48	static
../Middlewares/Third_Party/mbedTLS/library/rsa.c:1045:5:mbedtls_rsa_gen_key	72	static
../Middlewares/Third_Party/mbedTLS/library/rsa.c:2746:5:mbedtls_rsa_copy	16	static
../Middlewares/Third_Party/mbedTLS/library/rsa.c:2890:5:mbedtls_rsa_self_test	368	static
