../Middlewares/Third_Party/mbedTLS/library/sha256.c:225:6:mbedtls_sha256_init	0	static
../Middlewares/Third_Party/mbedTLS/library/sha256.c:230:6:mbedtls_sha256_free	0	static
../Middlewares/Third_Party/mbedTLS/library/sha256.c:239:6:mbedtls_sha256_clone	8	static
../Middlewares/Third_Party/mbedTLS/library/sha256.c:248:5:mbedtls_sha256_starts	24	static
../Middlewares/Third_Party/mbedTLS/library/sha256.c:492:5:mbedtls_internal_sha256_process	360	static
../Middlewares/Third_Party/mbedTLS/library/sha256.c:645:5:mbedtls_sha256_update.part.0	24	static
../Middlewares/Third_Party/mbedTLS/library/sha256.c:645:5:mbedtls_sha256_update	0	static
../Middlewares/Third_Party/mbedTLS/library/sha256.c:700:5:mbedtls_sha256_finish	16	static
../Middlewares/Third_Party/mbedTLS/library/sha256.c:878:12:mbedtls_sha256_common_self_test	192	static
../Middlewares/Third_Party/mbedTLS/library/sha256.c:773:5:mbedtls_sha256	136	static
../Middlewares/Third_Party/mbedTLS/library/sha256.c:965:5:mbedtls_sha256_self_test	0	static
../Middlewares/Third_Party/mbedTLS/library/sha256.c:972:5:mbedtls_sha224_self_test	0	static
