../Middlewares/Third_Party/mbedTLS/library/sha3.c:101:13:keccak_f1600	136	static
../Middlewares/Third_Party/mbedTLS/library/sha3.c:247:6:mbedtls_sha3_init	0	static
../Middlewares/Third_Party/mbedTLS/library/sha3.c:252:6:mbedtls_sha3_free	0	static
../Middlewares/Third_Party/mbedTLS/library/sha3.c:261:6:mbedtls_sha3_clone	8	static
../Middlewares/Third_Party/mbedTLS/library/sha3.c:270:5:mbedtls_sha3_starts	8	static
../Middlewares/Third_Party/mbedTLS/library/sha3.c:302:5:mbedtls_sha3_update	48	static
../Middlewares/Third_Party/mbedTLS/library/sha3.c:342:5:mbedtls_sha3_finish	32	static
../Middlewares/Third_Party/mbedTLS/library/sha3.c:588:12:mbedtls_sha3_long_kat_test	1296	static
../Middlewares/Third_Party/mbedTLS/library/sha3.c:379:5:mbedtls_sha3	232	static
../Middlewares/Third_Party/mbedTLS/library/sha3.c:536:12:mbedtls_sha3_kat_test	104	static
../Middlewares/Third_Party/mbedTLS/library/sha3.c:665:5:mbedtls_sha3_self_test	24	static
