../Middlewares/Third_Party/mbedTLS/library/sha512.c:221:6:mbedtls_sha512_init	0	static
../Middlewares/Third_Party/mbedTLS/library/sha512.c:226:6:mbedtls_sha512_free	0	static
../Middlewares/Third_Party/mbedTLS/library/sha512.c:235:6:mbedtls_sha512_clone	8	static
../Middlewares/Third_Party/mbedTLS/library/sha512.c:244:5:mbedtls_sha512_starts	36	static
../Middlewares/Third_Party/mbedTLS/library/sha512.c:601:5:mbedtls_internal_sha512_process	824	static
../Middlewares/Third_Party/mbedTLS/library/sha512.c:760:5:mbedtls_sha512_update.part.0	32	static
../Middlewares/Third_Party/mbedTLS/library/sha512.c:760:5:mbedtls_sha512_update	0	static
../Middlewares/Third_Party/mbedTLS/library/sha512.c:814:5:mbedtls_sha512_finish	32	static
../Middlewares/Third_Party/mbedTLS/library/sha512.c:1010:12:mbedtls_sha512_common_self_test	328	static
../Middlewares/Third_Party/mbedTLS/library/sha512.c:887:5:mbedtls_sha512	240	static
../Middlewares/Third_Party/mbedTLS/library/sha512.c:1095:5:mbedtls_sha512_self_test	0	static
../Middlewares/Third_Party/mbedTLS/library/sha512.c:1102:5:mbedtls_sha384_self_test	0	static
