../Middlewares/Third_Party/mbedTLS/library/ssl_misc.h:1686:33:mbedtls_ssl_own_cert	0	static
../Middlewares/Third_Party/mbedTLS/library/ssl_misc.h:2591:19:mbedtls_ssl_tls12_sig_alg_is_supported	0	static
../Middlewares/Third_Party/mbedTLS/library/ssl_tls.c:210:21:ssl_mfl_code_to_length	0	static
../Middlewares/Third_Party/mbedTLS/library/ssl_tls.c:1277:12:ssl_cookie_write_dummy	0	static
../Middlewares/Third_Party/mbedTLS/library/ssl_tls.c:1291:12:ssl_cookie_check_dummy	0	static
../Middlewares/Third_Party/mbedTLS/library/ssl_tls.c:2377:27:mbedtls_ssl_get_base_mode	0	static
../Middlewares/Third_Party/mbedTLS/library/ssl_tls.c:1824:13:ssl_key_cert_free	8	static
../Middlewares/Third_Party/mbedTLS/library/ssl_tls.c:6850:12:tls_prf_generic	128	static
../Middlewares/Third_Party/mbedTLS/library/ssl_tls.c:6957:12:tls_prf_sha256	48	static
../Middlewares/Third_Party/mbedTLS/library/ssl_tls.c:6969:12:tls_prf_sha384	48	static
../Middlewares/Third_Party/mbedTLS/library/ssl_tls.c:945:12:ssl_update_checksum_sha256	0	static
../Middlewares/Third_Party/mbedTLS/library/ssl_tls.c:958:12:ssl_update_checksum_sha384	0	static
../Middlewares/Third_Party/mbedTLS/library/ssl_misc.h:1350:20:mbedtls_ssl_handshake_set_state	48	static
../Middlewares/Third_Party/mbedTLS/library/ssl_misc.h:1359:20:mbedtls_ssl_handshake_increment_state	0	static
../Middlewares/Third_Party/mbedTLS/library/ssl_tls.c:2809:13:mbedtls_ssl_free_hostname	16	static
../Middlewares/Third_Party/mbedTLS/library/ssl_tls.c:4353:12:ssl_session_save	40	static
../Middlewares/Third_Party/mbedTLS/library/ssl_tls.c:4445:12:ssl_session_load	40	static
../Middlewares/Third_Party/mbedTLS/library/ssl_tls.c:500:13:ssl_clear_peer_cert	8	static
../Middlewares/Third_Party/mbedTLS/library/ssl_tls.c:4689:12:ssl_write_hello_request	24	static
../Middlewares/Third_Party/mbedTLS/library/ssl_tls.c:5863:12:ssl_check_no_sig_alg_duplication	24	static
../Middlewares/Third_Party/mbedTLS/library/ssl_tls.c:8159:12:ssl_calc_finished_tls_generic	72	static
../Middlewares/Third_Party/mbedTLS/library/ssl_tls.c:8244:12:ssl_calc_finished_tls_sha256	48	static
../Middlewares/Third_Party/mbedTLS/library/ssl_tls.c:8261:12:ssl_calc_finished_tls_sha384	64	static
../Middlewares/Third_Party/mbedTLS/library/ssl_tls.c:7341:12:ssl_calc_verify_tls_legacy	56	static
../Middlewares/Third_Party/mbedTLS/library/ssl_tls.c:7382:5:ssl_calc_verify_tls_sha256	4	static
../Middlewares/Third_Party/mbedTLS/library/ssl_tls.c:7397:5:ssl_calc_verify_tls_sha384	4	static
../Middlewares/Third_Party/mbedTLS/library/ssl_tls.c:1837:12:ssl_append_key_cert	16	static
../Middlewares/Third_Party/mbedTLS/library/ssl_tls.c:900:12:ssl_update_checksum_start	16	static
../Middlewares/Third_Party/mbedTLS/library/ssl_tls.c:84:5:mbedtls_ssl_conf_cid	0	static
../Middlewares/Third_Party/mbedTLS/library/ssl_tls.c:102:5:mbedtls_ssl_set_cid	40	static
../Middlewares/Third_Party/mbedTLS/library/ssl_tls.c:134:5:mbedtls_ssl_get_own_cid	16	static
../Middlewares/Third_Party/mbedTLS/library/ssl_tls.c:164:5:mbedtls_ssl_get_peer_cid	16	static
../Middlewares/Third_Party/mbedTLS/library/ssl_tls.c:471:6:mbedtls_ssl_tls_prf	16	static
../Middlewares/Third_Party/mbedTLS/library/ssl_tls.c:520:10:mbedtls_ssl_get_extension_id	0	static
../Middlewares/Third_Party/mbedTLS/library/ssl_tls.c:612:10:mbedtls_ssl_get_extension_mask	8	static
../Middlewares/Third_Party/mbedTLS/library/ssl_tls.c:682:13:mbedtls_ssl_get_extension_name	8	static
../Middlewares/Third_Party/mbedTLS/library/ssl_tls.c:709:6:mbedtls_ssl_print_extension	56	static
../Middlewares/Third_Party/mbedTLS/library/ssl_tls.c:742:6:mbedtls_ssl_print_extensions	64	static
../Middlewares/Third_Party/mbedTLS/library/ssl_tls.c:787:6:mbedtls_ssl_optimize_checksum	0	static
../Middlewares/Third_Party/mbedTLS/library/ssl_tls.c:808:5:mbedtls_ssl_add_hs_hdr_to_checksum	16	static
../Middlewares/Third_Party/mbedTLS/library/ssl_tls.c:823:5:mbedtls_ssl_add_hs_msg_to_checksum	24	static
../Middlewares/Third_Party/mbedTLS/library/ssl_tls.c:836:5:mbedtls_ssl_reset_checksum	16	static
../Middlewares/Third_Party/mbedTLS/library/ssl_tls.c:1025:6:mbedtls_ssl_transform_init	8	static
../Middlewares/Third_Party/mbedTLS/library/ssl_tls.c:1048:6:mbedtls_ssl_session_init	0	static
../Middlewares/Third_Party/mbedTLS/library/ssl_tls.c:1308:6:mbedtls_ssl_init	0	static
../Middlewares/Third_Party/mbedTLS/library/ssl_tls.c:1465:6:mbedtls_ssl_session_reset_msg_layer	16	static
../Middlewares/Third_Party/mbedTLS/library/ssl_tls.c:1617:6:mbedtls_ssl_conf_endpoint	0	static
../Middlewares/Third_Party/mbedTLS/library/ssl_tls.c:1622:6:mbedtls_ssl_conf_transport	0	static
../Middlewares/Third_Party/mbedTLS/library/ssl_tls.c:1628:6:mbedtls_ssl_conf_dtls_anti_replay	0	static
../Middlewares/Third_Party/mbedTLS/library/ssl_tls.c:1634:6:mbedtls_ssl_conf_dtls_badmac_limit	0	static
../Middlewares/Third_Party/mbedTLS/library/ssl_tls.c:1641:6:mbedtls_ssl_set_datagram_packing	0	static
../Middlewares/Third_Party/mbedTLS/library/ssl_tls.c:1647:6:mbedtls_ssl_conf_handshake_timeout	0	static
../Middlewares/Third_Party/mbedTLS/library/ssl_tls.c:1655:6:mbedtls_ssl_conf_authmode	0	static
../Middlewares/Third_Party/mbedTLS/library/ssl_tls.c:1661:6:mbedtls_ssl_conf_verify	0	static
../Middlewares/Third_Party/mbedTLS/library/ssl_tls.c:1670:6:mbedtls_ssl_conf_rng	0	static
../Middlewares/Third_Party/mbedTLS/library/ssl_tls.c:1678:6:mbedtls_ssl_conf_dbg	0	static
../Middlewares/Third_Party/mbedTLS/library/ssl_tls.c:1686:6:mbedtls_ssl_set_bio	0	static
../Middlewares/Third_Party/mbedTLS/library/ssl_tls.c:1699:6:mbedtls_ssl_set_mtu	0	static
../Middlewares/Third_Party/mbedTLS/library/ssl_tls.c:1705:6:mbedtls_ssl_conf_read_timeout	0	static
../Middlewares/Third_Party/mbedTLS/library/ssl_tls.c:1710:6:mbedtls_ssl_set_timer_cb	4	static
../Middlewares/Third_Party/mbedTLS/library/ssl_tls.c:1724:6:mbedtls_ssl_conf_session_cache	0	static
../Middlewares/Third_Party/mbedTLS/library/ssl_tls.c:1786:6:mbedtls_ssl_conf_ciphersuites	0	static
../Middlewares/Third_Party/mbedTLS/library/ssl_tls.c:1818:6:mbedtls_ssl_conf_cert_profile	0	static
../Middlewares/Third_Party/mbedTLS/library/ssl_tls.c:1873:5:mbedtls_ssl_conf_own_cert	0	static
../Middlewares/Third_Party/mbedTLS/library/ssl_tls.c:1880:6:mbedtls_ssl_conf_ca_chain	0	static
../Middlewares/Third_Party/mbedTLS/library/ssl_tls.c:1912:22:mbedtls_ssl_get_hs_sni	0	static
../Middlewares/Third_Party/mbedTLS/library/ssl_tls.c:1919:5:mbedtls_ssl_set_hs_own_cert	0	static
../Middlewares/Third_Party/mbedTLS/library/ssl_tls.c:1927:6:mbedtls_ssl_set_hs_ca_chain	0	static
../Middlewares/Third_Party/mbedTLS/library/ssl_tls.c:1936:6:mbedtls_ssl_set_hs_dn_hints	0	static
../Middlewares/Third_Party/mbedTLS/library/ssl_tls.c:1943:6:mbedtls_ssl_set_hs_authmode	0	static
../Middlewares/Third_Party/mbedTLS/library/ssl_tls.c:1951:6:mbedtls_ssl_set_verify	0	static
../Middlewares/Third_Party/mbedTLS/library/ssl_tls.c:2110:5:mbedtls_ssl_conf_has_static_psk	0	static
../Middlewares/Third_Party/mbedTLS/library/ssl_tls.c:2182:5:mbedtls_ssl_conf_psk	32	static
../Middlewares/Third_Party/mbedTLS/library/ssl_tls.c:2241:5:mbedtls_ssl_set_hs_psk	16	static
../Middlewares/Third_Party/mbedTLS/library/ssl_tls.c:2348:6:mbedtls_ssl_conf_psk_cb	0	static
../Middlewares/Third_Party/mbedTLS/library/ssl_tls.c:2415:20:mbedtls_ssl_get_mode_from_transform	8	static
../Middlewares/Third_Party/mbedTLS/library/ssl_tls.c:2433:20:mbedtls_ssl_get_mode_from_ciphersuite	8	static
../Middlewares/Third_Party/mbedTLS/library/ssl_tls.c:8627:12:ssl_tls12_populate_transform	344	static
../Middlewares/Third_Party/mbedTLS/library/ssl_tls.c:2668:5:mbedtls_ssl_conf_dh_param_bin	32	static
../Middlewares/Third_Party/mbedTLS/library/ssl_tls.c:2687:5:mbedtls_ssl_conf_dh_param_ctx	24	static
../Middlewares/Third_Party/mbedTLS/library/ssl_tls.c:2711:6:mbedtls_ssl_conf_dhm_min_bitlen	0	static
../Middlewares/Third_Party/mbedTLS/library/ssl_tls.c:2723:6:mbedtls_ssl_conf_sig_hashes	0	static
../Middlewares/Third_Party/mbedTLS/library/ssl_tls.c:2731:6:mbedtls_ssl_conf_sig_algs	0	static
../Middlewares/Third_Party/mbedTLS/library/ssl_tls.c:2751:6:mbedtls_ssl_conf_curves	0	static
../Middlewares/Third_Party/mbedTLS/library/ssl_tls.c:2763:6:mbedtls_ssl_conf_groups	0	static
../Middlewares/Third_Party/mbedTLS/library/ssl_tls.c:2801:13:mbedtls_ssl_get_hostname_pointer	0	static
../Middlewares/Third_Party/mbedTLS/library/ssl_tls.c:2818:5:mbedtls_ssl_set_hostname	24	static
../Middlewares/Third_Party/mbedTLS/library/ssl_tls.c:2863:6:mbedtls_ssl_conf_sni	0	static
../Middlewares/Third_Party/mbedTLS/library/ssl_tls.c:2874:5:mbedtls_ssl_conf_alpn_protocols	24	static
../Middlewares/Third_Party/mbedTLS/library/ssl_tls.c:2901:13:mbedtls_ssl_get_alpn_protocol	0	static
../Middlewares/Third_Party/mbedTLS/library/ssl_tls.c:2978:6:mbedtls_ssl_conf_max_version	0	static
../Middlewares/Third_Party/mbedTLS/library/ssl_tls.c:2983:6:mbedtls_ssl_conf_min_version	0	static
../Middlewares/Third_Party/mbedTLS/library/ssl_tls.c:2990:6:mbedtls_ssl_conf_cert_req_ca_list	0	static
../Middlewares/Third_Party/mbedTLS/library/ssl_tls.c:2998:6:mbedtls_ssl_conf_encrypt_then_mac	0	static
../Middlewares/Third_Party/mbedTLS/library/ssl_tls.c:3005:6:mbedtls_ssl_conf_extended_master_secret	0	static
../Middlewares/Third_Party/mbedTLS/library/ssl_tls.c:3012:5:mbedtls_ssl_conf_max_frag_len	8	static
../Middlewares/Third_Party/mbedTLS/library/ssl_tls.c:3025:6:mbedtls_ssl_conf_legacy_renegotiation	0	static
../Middlewares/Third_Party/mbedTLS/library/ssl_tls.c:3031:6:mbedtls_ssl_conf_renegotiation	0	static
../Middlewares/Third_Party/mbedTLS/library/ssl_tls.c:3036:6:mbedtls_ssl_conf_renegotiation_enforced	0	static
../Middlewares/Third_Party/mbedTLS/library/ssl_tls.c:3041:6:mbedtls_ssl_conf_renegotiation_period	0	static
../Middlewares/Third_Party/mbedTLS/library/ssl_tls.c:3051:6:mbedtls_ssl_conf_session_tickets	0	static
../Middlewares/Third_Party/mbedTLS/library/ssl_tls.c:3079:6:mbedtls_ssl_conf_session_tickets_cb	0	static
../Middlewares/Third_Party/mbedTLS/library/ssl_tls.c:3091:6:mbedtls_ssl_set_export_keys_cb	0	static
../Middlewares/Third_Party/mbedTLS/library/ssl_tls.c:3141:10:mbedtls_ssl_get_verify_result	0	static
../Middlewares/Third_Party/mbedTLS/library/ssl_tls.c:3154:5:mbedtls_ssl_get_ciphersuite_id_from_ssl	0	static
../Middlewares/Third_Party/mbedTLS/library/ssl_tls.c:3163:13:mbedtls_ssl_get_ciphersuite	0	static
../Middlewares/Third_Party/mbedTLS/library/ssl_tls.c:3172:13:mbedtls_ssl_get_version	0	static
../Middlewares/Third_Party/mbedTLS/library/ssl_tls.c:3221:8:mbedtls_ssl_get_input_max_frag_len	8	static
../Middlewares/Third_Party/mbedTLS/library/ssl_tls.c:3253:8:mbedtls_ssl_get_output_max_frag_len	8	static
../Middlewares/Third_Party/mbedTLS/library/ssl_tls.c:3279:8:mbedtls_ssl_get_current_mtu	0	static
../Middlewares/Third_Party/mbedTLS/library/ssl_tls.c:3301:5:mbedtls_ssl_get_max_out_record_payload	24	static
../Middlewares/Third_Party/mbedTLS/library/ssl_tls.c:3373:5:mbedtls_ssl_get_max_in_record_payload	8	static
../Middlewares/Third_Party/mbedTLS/library/ssl_tls.c:3393:25:mbedtls_ssl_get_peer_cert	0	static
../Middlewares/Third_Party/mbedTLS/library/ssl_tls.c:4430:5:mbedtls_ssl_session_save	16	static
../Middlewares/Third_Party/mbedTLS/library/ssl_tls.c:4559:5:mbedtls_ssl_handshake_step	24	static
../Middlewares/Third_Party/mbedTLS/library/ssl_tls.c:4648:5:mbedtls_ssl_handshake	24	static
../Middlewares/Third_Party/mbedTLS/library/ssl_tls.c:4811:6:mbedtls_ssl_handshake_free	16	static
../Middlewares/Third_Party/mbedTLS/library/ssl_tls.c:4982:6:mbedtls_ssl_session_free	8	static
../Middlewares/Third_Party/mbedTLS/library/ssl_tls.c:229:5:mbedtls_ssl_session_copy	32	static
../Middlewares/Third_Party/mbedTLS/library/ssl_tls.c:1736:5:mbedtls_ssl_set_session	8	static
../Middlewares/Third_Party/mbedTLS/library/ssl_tls.c:3408:5:mbedtls_ssl_get_session	8	static
../Middlewares/Third_Party/mbedTLS/library/ssl_tls.c:4507:5:mbedtls_ssl_session_load	16	static
../Middlewares/Third_Party/mbedTLS/library/ssl_tls.c:5576:6:mbedtls_ssl_free	16	static
../Middlewares/Third_Party/mbedTLS/library/ssl_tls.c:5559:5:mbedtls_ssl_context_load	64	static
../Middlewares/Third_Party/mbedTLS/library/ssl_tls.c:5651:6:mbedtls_ssl_config_init	0	static
../Middlewares/Third_Party/mbedTLS/library/ssl_tls.c:5887:5:mbedtls_ssl_config_defaults	296	static
../Middlewares/Third_Party/mbedTLS/library/ssl_tls.c:6116:6:mbedtls_ssl_config_free	8	static
../Middlewares/Third_Party/mbedTLS/library/ssl_tls.c:6158:15:mbedtls_ssl_sig_from_pk	8	static
../Middlewares/Third_Party/mbedTLS/library/ssl_tls.c:6173:15:mbedtls_ssl_sig_from_pk_alg	0	static
../Middlewares/Third_Party/mbedTLS/library/ssl_tls.c:6186:19:mbedtls_ssl_pk_alg_from_sig	0	static
../Middlewares/Third_Party/mbedTLS/library/ssl_tls.c:6207:19:mbedtls_ssl_md_alg_from_hash	0	static
../Middlewares/Third_Party/mbedTLS/library/ssl_tls.c:6242:15:mbedtls_ssl_hash_from_md_alg	0	static
../Middlewares/Third_Party/mbedTLS/library/ssl_tls.c:6278:5:mbedtls_ssl_check_curve_tls_id	0	static
../Middlewares/Third_Party/mbedTLS/library/ssl_tls.c:6360:5:mbedtls_ssl_get_psa_curve_info_from_tls_id	20	static
../Middlewares/Third_Party/mbedTLS/library/ssl_tls.c:6379:22:mbedtls_ssl_get_ecp_group_id_from_tls_id	12	static
../Middlewares/Third_Party/mbedTLS/library/ssl_tls.c:6390:10:mbedtls_ssl_get_tls_id_from_ecp_group_id	8	static
../Middlewares/Third_Party/mbedTLS/library/ssl_tls.c:1054:12:ssl_handshake_init	40	static
../Middlewares/Third_Party/mbedTLS/library/ssl_tls.c:1376:5:mbedtls_ssl_setup	24	static
../Middlewares/Third_Party/mbedTLS/library/ssl_tls.c:1554:5:mbedtls_ssl_session_reset_int	16	static
../Middlewares/Third_Party/mbedTLS/library/ssl_tls.c:1609:5:mbedtls_ssl_session_reset	0	static
../Middlewares/Third_Party/mbedTLS/library/ssl_tls.c:5095:5:mbedtls_ssl_context_save	80	static
../Middlewares/Third_Party/mbedTLS/library/ssl_tls.c:4719:5:mbedtls_ssl_start_renegotiation	24	static
../Middlewares/Third_Party/mbedTLS/library/ssl_tls.c:4759:5:mbedtls_ssl_renegotiate	24	static
../Middlewares/Third_Party/mbedTLS/library/ssl_tls.c:6299:5:mbedtls_ssl_check_curve	8	static
../Middlewares/Third_Party/mbedTLS/library/ssl_tls.c:6424:13:mbedtls_ssl_get_curve_name_from_tls_id	0	static
../Middlewares/Third_Party/mbedTLS/library/ssl_tls.c:6561:5:mbedtls_ssl_get_handshake_transcript	48	static
../Middlewares/Third_Party/mbedTLS/library/ssl_tls.c:6635:5:mbedtls_ssl_parse_sig_alg_ext	56	static
../Middlewares/Third_Party/mbedTLS/library/ssl_tls.c:7224:5:mbedtls_ssl_derive_keys	120	static
../Middlewares/Third_Party/mbedTLS/library/ssl_tls.c:7286:5:mbedtls_ssl_set_calc_verify_md	0	static
../Middlewares/Third_Party/mbedTLS/library/ssl_tls.c:7413:5:mbedtls_ssl_psk_derive_premaster	48	static
../Middlewares/Third_Party/mbedTLS/library/ssl_tls.c:7542:5:mbedtls_ssl_resend_hello_request	16	static
../Middlewares/Third_Party/mbedTLS/library/ssl_tls.c:7608:5:mbedtls_ssl_write_certificate	40	static
../Middlewares/Third_Party/mbedTLS/library/ssl_tls.c:8276:6:mbedtls_ssl_handshake_wrapup_free_hs_transform	16	static
../Middlewares/Third_Party/mbedTLS/library/ssl_tls.c:8300:6:mbedtls_ssl_handshake_wrapup	24	static
../Middlewares/Third_Party/mbedTLS/library/ssl_tls.c:8361:5:mbedtls_ssl_write_finished	32	static
../Middlewares/Third_Party/mbedTLS/library/ssl_tls.c:8476:5:mbedtls_ssl_parse_finished	40	static
../Middlewares/Third_Party/mbedTLS/library/ssl_tls.c:9221:5:mbedtls_ssl_get_key_exchange_md_tls1_2	48	static
../Middlewares/Third_Party/mbedTLS/library/ssl_tls.c:9278:14:mbedtls_ssl_tls12_get_preferred_hash_for_sig_alg	16	static
../Middlewares/Third_Party/mbedTLS/library/ssl_tls.c:9337:5:mbedtls_ssl_validate_ciphersuite	8	static
../Middlewares/Third_Party/mbedTLS/library/ssl_tls.c:9422:5:mbedtls_ssl_write_sig_alg_ext	64	static
../Middlewares/Third_Party/mbedTLS/library/ssl_tls.c:9508:5:mbedtls_ssl_parse_server_name_ext	24	static
../Middlewares/Third_Party/mbedTLS/library/ssl_tls.c:9562:5:mbedtls_ssl_parse_alpn_ext	48	static
../Middlewares/Third_Party/mbedTLS/library/ssl_tls.c:9637:5:mbedtls_ssl_write_alpn_ext	40	static
../Middlewares/Third_Party/mbedTLS/library/ssl_tls.c:9765:5:mbedtls_ssl_check_cert_usage	24	static
../Middlewares/Third_Party/mbedTLS/library/ssl_tls.c:9869:5:mbedtls_ssl_verify_certificate	64	static
../Middlewares/Third_Party/mbedTLS/library/ssl_tls.c:8006:5:mbedtls_ssl_parse_certificate	56	static
../Middlewares/Third_Party/mbedTLS/library/ssl_tls.c:10143:5:mbedtls_ssl_export_keying_material	72	static
