../Middlewares/Third_Party/mbedTLS/library/constant_time_impl.h:489:38:mbedtls_ct_uint_eq	0	static,ignoring_inline_asm
../Middlewares/Third_Party/mbedTLS/library/constant_time_impl.h:501:38:mbedtls_ct_uint_ge	0	static,ignoring_inline_asm
../Middlewares/Third_Party/mbedTLS/library/ssl_msg.c:3089:12:ssl_hs_is_proper_fragment	8	static
../Middlewares/Third_Party/mbedTLS/library/ssl_msg.c:4820:13:ssl_free_buffered_record	8	static
../Middlewares/Third_Party/mbedTLS/library/ssl_msg.c:408:12:ssl_get_remaining_space_in_datagram	8	static
../Middlewares/Third_Party/mbedTLS/library/ssl_msg.c:6409:13:ssl_buffering_free_slot	16	static
../Middlewares/Third_Party/mbedTLS/library/ssl_misc.h:1350:20:mbedtls_ssl_handshake_set_state	48	static
../Middlewares/Third_Party/mbedTLS/library/ssl_msg.c:5681:12:ssl_check_ctr_renegotiate	32	static
../Middlewares/Third_Party/mbedTLS/library/ssl_msg.c:886:13:ssl_build_record_nonce.constprop	16	static
../Middlewares/Third_Party/mbedTLS/library/ssl_msg.c:667:13:ssl_extract_add_data_from_record.constprop	32	static
../Middlewares/Third_Party/mbedTLS/library/ssl_msg.c:286:6:mbedtls_ssl_set_timer	24	static
../Middlewares/Third_Party/mbedTLS/library/ssl_msg.c:299:5:mbedtls_ssl_check_timer	16	static
../Middlewares/Third_Party/mbedTLS/library/ssl_msg.c:902:5:mbedtls_ssl_encrypt_buf	200	static
../Middlewares/Third_Party/mbedTLS/library/ssl_msg.c:1480:5:mbedtls_ssl_decrypt_buf	344	static,ignoring_inline_asm
../Middlewares/Third_Party/mbedTLS/library/ssl_msg.c:2460:6:mbedtls_ssl_flight_free	16	static
../Middlewares/Third_Party/mbedTLS/library/ssl_msg.c:2718:6:mbedtls_ssl_send_flight_completed	16	static
../Middlewares/Third_Party/mbedTLS/library/ssl_msg.c:2735:5:mbedtls_ssl_start_handshake_msg	8	static
../Middlewares/Third_Party/mbedTLS/library/ssl_msg.c:3413:5:mbedtls_ssl_update_handshake_status	24	static
../Middlewares/Third_Party/mbedTLS/library/ssl_msg.c:3468:6:mbedtls_ssl_dtls_replay_reset	0	static
../Middlewares/Third_Party/mbedTLS/library/ssl_msg.c:3507:5:mbedtls_ssl_dtls_replay_check	12	static
../Middlewares/Third_Party/mbedTLS/library/ssl_msg.c:3536:6:mbedtls_ssl_dtls_replay_update	20	static
../Middlewares/Third_Party/mbedTLS/library/ssl_msg.c:5405:6:mbedtls_ssl_update_out_pointers	8	static
../Middlewares/Third_Party/mbedTLS/library/ssl_msg.c:2349:5:mbedtls_ssl_flush_output	40	static
../Middlewares/Third_Party/mbedTLS/library/ssl_msg.c:2479:12:ssl_swap_epochs	24	static
../Middlewares/Third_Party/mbedTLS/library/ssl_msg.c:5446:6:mbedtls_ssl_update_in_pointers	0	static
../Middlewares/Third_Party/mbedTLS/library/ssl_msg.c:5491:6:mbedtls_ssl_reset_in_pointers	0	static
../Middlewares/Third_Party/mbedTLS/library/ssl_msg.c:5506:6:mbedtls_ssl_reset_out_pointers	0	static
../Middlewares/Third_Party/mbedTLS/library/ssl_msg.c:5525:8:mbedtls_ssl_get_bytes_avail	0	static
../Middlewares/Third_Party/mbedTLS/library/ssl_msg.c:5530:5:mbedtls_ssl_check_pending	24	static
../Middlewares/Third_Party/mbedTLS/library/ssl_msg.c:5583:5:mbedtls_ssl_get_record_expansion	24	static
../Middlewares/Third_Party/mbedTLS/library/ssl_msg.c:424:12:ssl_get_remaining_payload_in_datagram	24	static
../Middlewares/Third_Party/mbedTLS/library/ssl_msg.c:6350:6:mbedtls_ssl_transform_free	8	static
../Middlewares/Third_Party/mbedTLS/library/ssl_msg.c:6377:6:mbedtls_ssl_set_inbound_transform	0	static
../Middlewares/Third_Party/mbedTLS/library/ssl_msg.c:6384:6:mbedtls_ssl_set_outbound_transform	0	static
../Middlewares/Third_Party/mbedTLS/library/ssl_msg.c:6393:6:mbedtls_ssl_buffering_free	16	static
../Middlewares/Third_Party/mbedTLS/library/ssl_msg.c:2688:6:mbedtls_ssl_recv_flight_completed	16	static
../Middlewares/Third_Party/mbedTLS/library/ssl_msg.c:6437:6:mbedtls_ssl_write_version	8	static
../Middlewares/Third_Party/mbedTLS/library/ssl_msg.c:2938:5:mbedtls_ssl_write_record	120	static
../Middlewares/Third_Party/mbedTLS/library/ssl_msg.c:2532:5:mbedtls_ssl_flight_transmit	56	static
../Middlewares/Third_Party/mbedTLS/library/ssl_msg.c:2512:5:mbedtls_ssl_resend	24	static
../Middlewares/Third_Party/mbedTLS/library/ssl_msg.c:2146:5:mbedtls_ssl_fetch_input	56	static
../Middlewares/Third_Party/mbedTLS/library/ssl_msg.c:3222:5:mbedtls_ssl_prepare_handshake_record	48	static
../Middlewares/Third_Party/mbedTLS/library/ssl_msg.c:5148:5:mbedtls_ssl_handle_message_type	32	static
../Middlewares/Third_Party/mbedTLS/library/ssl_msg.c:2776:5:mbedtls_ssl_write_handshake_msg_ext	40	static
../Middlewares/Third_Party/mbedTLS/library/ssl_msg.c:2910:5:mbedtls_ssl_finish_handshake_msg	0	static
../Middlewares/Third_Party/mbedTLS/library/ssl_msg.c:5312:5:mbedtls_ssl_write_change_cipher_spec	24	static
../Middlewares/Third_Party/mbedTLS/library/ssl_msg.c:5281:5:mbedtls_ssl_send_alert_message	40	static
../Middlewares/Third_Party/mbedTLS/library/ssl_msg.c:5274:5:mbedtls_ssl_send_fatal_handshake_failure	0	static
../Middlewares/Third_Party/mbedTLS/library/ssl_msg.c:6326:5:mbedtls_ssl_close_notify	24	static
../Middlewares/Third_Party/mbedTLS/library/ssl_msg.c:6187:5:mbedtls_ssl_write	40	static
../Middlewares/Third_Party/mbedTLS/library/ssl_msg.c:6455:10:mbedtls_ssl_read_version	0	static
../Middlewares/Third_Party/mbedTLS/library/ssl_msg.c:3820:12:ssl_parse_record_header	64	static
../Middlewares/Third_Party/mbedTLS/library/ssl_msg.c:319:5:mbedtls_ssl_check_record	104	static
../Middlewares/Third_Party/mbedTLS/library/ssl_msg.c:4294:5:mbedtls_ssl_read_record	160	static
../Middlewares/Third_Party/mbedTLS/library/ssl_msg.c:5334:5:mbedtls_ssl_parse_change_cipher_spec	24	static
../Middlewares/Third_Party/mbedTLS/library/ssl_msg.c:5921:5:mbedtls_ssl_read	48	static
../Middlewares/Third_Party/mbedTLS/library/ssl_msg.c:6476:5:mbedtls_ssl_handle_pending_alert	8	static
../Middlewares/Third_Party/mbedTLS/library/ssl_msg.c:6506:6:mbedtls_ssl_pend_fatal_alert	0	static
