../Middlewares/Third_Party/mbedTLS/library/x509.c:599:12:x509_parse2_int	0	static
../Middlewares/Third_Party/mbedTLS/library/x509.c:63:5:mbedtls_x509_get_serial	16	static
../Middlewares/Third_Party/mbedTLS/library/x509.c:97:5:mbedtls_x509_get_alg_null	8	static
../Middlewares/Third_Party/mbedTLS/library/x509.c:112:5:mbedtls_x509_get_alg	8	static
../Middlewares/Third_Party/mbedTLS/library/x509.c:245:5:mbedtls_x509_get_rsassa_pss_params	80	static
../Middlewares/Third_Party/mbedTLS/library/x509.c:498:5:mbedtls_x509_get_name	48	static
../Middlewares/Third_Party/mbedTLS/library/x509.c:649:5:mbedtls_x509_get_time	40	static
../Middlewares/Third_Party/mbedTLS/library/x509.c:689:5:mbedtls_x509_get_sig	24	static
../Middlewares/Third_Party/mbedTLS/library/x509.c:718:5:mbedtls_x509_get_sig_alg	24	static
../Middlewares/Third_Party/mbedTLS/library/x509.c:768:5:mbedtls_x509_get_ext	24	static
../Middlewares/Third_Party/mbedTLS/library/x509.c:812:5:mbedtls_x509_dn_gets	328	static
../Middlewares/Third_Party/mbedTLS/library/x509.c:945:5:mbedtls_x509_serial_gets	48	static
../Middlewares/Third_Party/mbedTLS/library/x509.c:979:5:mbedtls_x509_sig_alg_gets	48	static
../Middlewares/Third_Party/mbedTLS/library/x509.c:1024:5:mbedtls_x509_key_size_helper	8	static
../Middlewares/Third_Party/mbedTLS/library/x509.c:1036:5:mbedtls_x509_time_cmp	8	static
../Middlewares/Third_Party/mbedTLS/library/x509.c:1053:5:mbedtls_x509_time_gmtime	56	static
../Middlewares/Third_Party/mbedTLS/library/x509.c:1075:5:mbedtls_x509_time_is_past	32	static
../Middlewares/Third_Party/mbedTLS/library/x509.c:1086:5:mbedtls_x509_time_is_future	32	static
../Middlewares/Third_Party/mbedTLS/library/x509.c:1338:5:mbedtls_x509_get_ns_cert_type	24	static
../Middlewares/Third_Party/mbedTLS/library/x509.c:1366:5:mbedtls_x509_get_key_usage	32	static
../Middlewares/Third_Party/mbedTLS/library/x509.c:1394:5:mbedtls_x509_parse_subject_alt_name	72	static
../Middlewares/Third_Party/mbedTLS/library/x509.c:1503:6:mbedtls_x509_free_subject_alt_name	0	static
../Middlewares/Third_Party/mbedTLS/library/x509.c:1213:5:mbedtls_x509_get_subject_alt_name_ext	88	static
../Middlewares/Third_Party/mbedTLS/library/x509.c:1317:5:mbedtls_x509_get_subject_alt_name	24	static
../Middlewares/Third_Party/mbedTLS/library/x509.c:1511:5:mbedtls_x509_info_subject_alt_name	144	static
../Middlewares/Third_Party/mbedTLS/library/x509.c:1721:5:mbedtls_x509_info_cert_type	24	static
../Middlewares/Third_Party/mbedTLS/library/x509.c:1751:5:mbedtls_x509_info_key_usage	24	static
