../Middlewares/Third_Party/mbedTLS/library/x509_csr.c:528:5:mbedtls_x509_csr_info	72	static
../Middlewares/Third_Party/mbedTLS/library/x509_csr.c:609:6:mbedtls_x509_csr_init	0	static
../Middlewares/Third_Party/mbedTLS/library/x509_csr.c:617:6:mbedtls_x509_csr_free	8	static
../Middlewares/Third_Party/mbedTLS/library/x509_csr.c:265:12:mbedtls_x509_csr_parse_der_internal	120	static
../Middlewares/Third_Party/mbedTLS/library/x509_csr.c:434:5:mbedtls_x509_csr_parse_der	16	static
../Middlewares/Third_Party/mbedTLS/library/x509_csr.c:454:5:mbedtls_x509_csr_parse	64	static
../Middlewares/Third_Party/mbedTLS/library/x509_csr.c:443:5:mbedtls_x509_csr_parse_der_with_ext_cb	0	static
