../Middlewares/Third_Party/mbedTLS/library/x509write_csr.c:39:6:mbedtls_x509write_csr_init	0	static
../Middlewares/Third_Party/mbedTLS/library/x509write_csr.c:44:6:mbedtls_x509write_csr_free	8	static
../Middlewares/Third_Party/mbedTLS/library/x509write_csr.c:56:6:mbedtls_x509write_csr_set_md_alg	0	static
../Middlewares/Third_Party/mbedTLS/library/x509write_csr.c:61:6:mbedtls_x509write_csr_set_key	0	static
../Middlewares/Third_Party/mbedTLS/library/x509write_csr.c:66:5:mbedtls_x509write_csr_set_subject_name	16	static
../Middlewares/Third_Party/mbedTLS/library/x509write_csr.c:73:5:mbedtls_x509write_csr_set_extension	0	static
../Middlewares/Third_Party/mbedTLS/library/x509write_csr.c:82:5:mbedtls_x509write_csr_set_subject_alternative_name	0	static
../Middlewares/Third_Party/mbedTLS/library/x509write_csr.c:88:5:mbedtls_x509write_csr_set_key_usage	40	static
../Middlewares/Third_Party/mbedTLS/library/x509write_csr.c:111:5:mbedtls_x509write_csr_set_ns_cert_type	40	static
../Middlewares/Third_Party/mbedTLS/library/x509write_csr.c:289:5:mbedtls_x509write_csr_der	160	static
../Middlewares/Third_Party/mbedTLS/library/x509write_csr.c:314:5:mbedtls_x509write_csr_pem	40	static
