../Middlewares/Third_Party/mbedTLS/library/x509write_crt.c:201:12:mbedtls_x509write_crt_set_key_identifier	2112	static
../Middlewares/Third_Party/mbedTLS/library/x509write_crt.c:393:12:x509_write_time.constprop	24	static
../Middlewares/Third_Party/mbedTLS/library/x509write_crt.c:40:6:mbedtls_x509write_crt_init	8	static
../Middlewares/Third_Party/mbedTLS/library/x509write_crt.c:47:6:mbedtls_x509write_crt_free	8	static
../Middlewares/Third_Party/mbedTLS/library/x509write_crt.c:60:6:mbedtls_x509write_crt_set_version	0	static
../Middlewares/Third_Party/mbedTLS/library/x509write_crt.c:66:6:mbedtls_x509write_crt_set_md_alg	0	static
../Middlewares/Third_Party/mbedTLS/library/x509write_crt.c:72:6:mbedtls_x509write_crt_set_subject_key	0	static
../Middlewares/Third_Party/mbedTLS/library/x509write_crt.c:78:6:mbedtls_x509write_crt_set_issuer_key	0	static
../Middlewares/Third_Party/mbedTLS/library/x509write_crt.c:84:5:mbedtls_x509write_crt_set_subject_name	16	static
../Middlewares/Third_Party/mbedTLS/library/x509write_crt.c:91:5:mbedtls_x509write_crt_set_issuer_name	16	static
../Middlewares/Third_Party/mbedTLS/library/x509write_crt.c:99:5:mbedtls_x509write_crt_set_serial	16	static
../Middlewares/Third_Party/mbedTLS/library/x509write_crt.c:122:5:mbedtls_x509write_crt_set_serial_raw	8	static
../Middlewares/Third_Party/mbedTLS/library/x509write_crt.c:135:5:mbedtls_x509write_crt_set_validity	24	static
../Middlewares/Third_Party/mbedTLS/library/x509write_crt.c:151:5:mbedtls_x509write_crt_set_subject_alternative_name	0	static
../Middlewares/Third_Party/mbedTLS/library/x509write_crt.c:158:5:mbedtls_x509write_crt_set_extension	0	static
../Middlewares/Third_Party/mbedTLS/library/x509write_crt.c:167:5:mbedtls_x509write_crt_set_basic_constraints	48	static
../Middlewares/Third_Party/mbedTLS/library/x509write_crt.c:272:5:mbedtls_x509write_crt_set_subject_key_identifier	0	static
../Middlewares/Third_Party/mbedTLS/library/x509write_crt.c:279:5:mbedtls_x509write_crt_set_authority_key_identifier	0	static
../Middlewares/Third_Party/mbedTLS/library/x509write_crt.c:287:5:mbedtls_x509write_crt_set_key_usage	32	static
../Middlewares/Third_Party/mbedTLS/library/x509write_crt.c:328:5:mbedtls_x509write_crt_set_ext_key_usage	304	static
../Middlewares/Third_Party/mbedTLS/library/x509write_crt.c:369:5:mbedtls_x509write_crt_set_ns_cert_type	40	static
../Middlewares/Third_Party/mbedTLS/library/x509write_crt.c:421:5:mbedtls_x509write_crt_der	1200	static
../Middlewares/Third_Party/mbedTLS/library/x509write_crt.c:665:5:mbedtls_x509write_crt_pem	40	static
