../Core/Src/app.cpp:281:13:bool isLeap(int)	0	static
../Core/Src/app.cpp:291:17:uint64_t toUnixMs(const DateTime&)	24	static
../Core/Src/app.cpp:36:20:LinkChannel readChannel()	8	static
../Core/Src/app.cpp:47:13:void logNetSelect(const char*)	24	static
../Core/Src/app.cpp:73:13:bool ensureEthReadyAndLinkUp()	32	static
../Core/Src/app.cpp:160:13:bool resolveHost(const char*, uint8_t*)	64	static
../Core/Src/app.cpp:54:13:bool startsWith(const char*, const char*)	16	static
../Core/Src/app.cpp:310:13:void u64_to_dec(char*, size_t, uint64_t)	64	static
../Core/Src/app.cpp:184:12:int httpPostPlainW5500(const char*, const char*, const char*, uint16_t, uint32_t)	872	static
../Core/Inc/ds3231.hpp:27:10:void DateTime::formatISO8601(char*) const	32	static
../Core/Src/app.cpp:472:1:App::App()	24	static
../Core/Src/app.cpp:483:12:SystemMode App::readMode()	8	static
../Core/Src/app.cpp:489:6:void App::ledOn()	0	static
../Core/Src/app.cpp:490:6:void App::ledOff()	0	static
../Core/Src/app.cpp:492:6:void App::ledBlink(uint8_t, uint32_t)	24	static
../Core/Src/app.cpp:497:6:void App::init()	32	static
../Core/Src/app.cpp:550:6:bool App::syncRtcWithNtpIfNeeded(const char*, bool)	224	static
../Core/Src/app.cpp:808:6:void App::transmitSingle(float, const DateTime&)	408	static
../Core/Src/app.cpp:843:6:void App::retransmitBackup()	64	static
../Core/Src/app.cpp:772:6:void App::transmitBuffer()	16	static
../Core/Src/app.cpp:621:19:void App::run()	440	static
