../Core/Src/debug_uart.cpp:11:1:DebugUart::DebugUart(UART_HandleTypeDef*)	8	static
../Core/Src/debug_uart.cpp:99:6:void DebugUart::transmit(const char*, uint16_t)	16	static
../Core/Src/debug_uart.cpp:55:6:void DebugUart::raw(const char*)	16	static
../Core/Src/debug_uart.cpp:60:6:void DebugUart::separator()	0	static
../Core/Src/debug_uart.cpp:64:6:void DebugUart::hexDump(const char*, const uint8_t*, uint16_t)	40	static
../Core/Src/debug_uart.cpp:110:13:static const char* DebugUart::levelStr(LogLevel)	0	static
../Core/Src/debug_uart.cpp:79:6:void DebugUart::send(LogLevel, const char*, va_list)	40	static
../Core/Src/debug_uart.cpp:27:6:)	12	static
../Core/Src/debug_uart.cpp:14:6:void DebugUart::init()	16	static
../Core/Src/debug_uart.cpp:34:6:)	12	static
../Core/Src/debug_uart.cpp:41:6:)	12	static
../Core/Src/debug_uart.cpp:48:6:)	12	static
../Core/Src/debug_uart.cpp:118:1:cpp)	0	static
