../Core/Src/modbus_rtu.cpp:11:1:ModbusRTU::ModbusRTU(UART_HandleTypeDef*, GPIO_TypeDef*, uint16_t)	8	static
../Core/Src/modbus_rtu.cpp:18:6:void ModbusRTU::setTransmit()	0	static
../Core/Src/modbus_rtu.cpp:22:6:void ModbusRTU::setReceive()	0	static
../Core/Src/modbus_rtu.cpp:27:10:static uint16_t ModbusRTU::crc16(const uint8_t*, uint16_t)	12	static
../Core/Src/modbus_rtu.cpp:41:6:void ModbusRTU::init()	8	static
../Core/Src/modbus_rtu.cpp:48:14:ModbusStatus ModbusRTU::readRegisters(uint8_t, uint8_t, uint16_t, uint16_t, uint16_t*, uint32_t)	104	static
