../Core/Src/sd_card_spi.cpp:10:1:SdCardSPI::SdCardSPI(SPI_HandleTypeDef*, GPIO_TypeDef*, uint16_t)	8	static
../Core/Src/sd_card_spi.cpp:16:6:void SdCardSPI::csLow()	0	static
../Core/Src/sd_card_spi.cpp:17:6:void SdCardSPI::csHigh()	0	static
../Core/Src/sd_card_spi.cpp:19:9:uint8_t SdCardSPI::spiXfer(uint8_t)	32	static
../Core/Src/sd_card_spi.cpp:25:9:uint8_t SdCardSPI::waitReady(uint32_t)	16	static
../Core/Src/sd_card_spi.cpp:33:9:uint8_t SdCardSPI::sendCmd(uint8_t, uint32_t)	16	static
../Core/Src/sd_card_spi.cpp:60:6:bool SdCardSPI::init()	40	static
../Core/Src/sd_card_spi.cpp:111:6:bool SdCardSPI::readBlock(uint32_t, uint8_t*)	24	static
../Core/Src/sd_card_spi.cpp:129:6:bool SdCardSPI::writeBlock(uint32_t, const uint8_t*)	16	static
