../Core/Src/stm32f4xx_hal_msp.c:3:6:HAL_MspInit	8	static
../Core/Src/stm32f4xx_hal_msp.c:11:6:HAL_UART_MspInit	64	static
../Core/Src/stm32f4xx_hal_msp.c:57:6:HAL_UART_MspDeInit	0	static
../Core/Src/stm32f4xx_hal_msp.c:78:6:HAL_I2C_MspInit	40	static
../Core/Src/stm32f4xx_hal_msp.c:93:6:HAL_I2C_MspDeInit	0	static
../Core/Src/stm32f4xx_hal_msp.c:102:6:HAL_RTC_MspInit	8	static
../Core/Src/stm32f4xx_hal_msp.c:111:6:HAL_RTC_MspDeInit	0	static
../Core/Src/stm32f4xx_hal_msp.c:120:6:HAL_TIM_Base_MspInit	16	static
../Core/Src/stm32f4xx_hal_msp.c:129:6:HAL_TIM_Base_MspDeInit	0	static
