../FATFS/Target/bsp_driver_sd.c:37:16:BSP_SD_ITConfig	0	static
../FATFS/Target/bsp_driver_sd.c:45:13:BSP_SD_DetectIT	0	static
../FATFS/Target/bsp_driver_sd.c:57:16:BSP_SD_ReadBlocks	16	static
../FATFS/Target/bsp_driver_sd.c:72:16:BSP_SD_WriteBlocks	16	static
../FATFS/Target/bsp_driver_sd.c:82:16:BSP_SD_ReadBlocks_DMA	8	static
../FATFS/Target/bsp_driver_sd.c:92:16:BSP_SD_WriteBlocks_DMA	8	static
../FATFS/Target/bsp_driver_sd.c:102:16:BSP_SD_Erase	8	static
../FATFS/Target/bsp_driver_sd.c:112:16:BSP_SD_GetCardState	8	static
../FATFS/Target/bsp_driver_sd.c:122:13:BSP_SD_GetCardInfo	0	static
../FATFS/Target/bsp_driver_sd.c:145:13:BSP_SD_AbortCallback	0	static
../FATFS/Target/bsp_driver_sd.c:127:6:HAL_SD_AbortCallback	8	static
../FATFS/Target/bsp_driver_sd.c:149:13:BSP_SD_WriteCpltCallback	0	static
../FATFS/Target/bsp_driver_sd.c:133:6:HAL_SD_TxCpltCallback	8	static
../FATFS/Target/bsp_driver_sd.c:153:13:BSP_SD_ReadCpltCallback	0	static
../FATFS/Target/bsp_driver_sd.c:139:6:HAL_SD_RxCpltCallback	8	static
../FATFS/Target/bsp_driver_sd.c:163:16:BSP_SD_IsDetected	8	static
../FATFS/Target/bsp_driver_sd.c:23:16:BSP_SD_Init	8	static
